Archive member included to satisfy reference by file (symbol)

d:/Projects/Wch-Projects/CH591R-BLE/StdPeriphDriver\libISP592.a(ISP583.o)
                              ./StdPeriphDriver/CH59x_flash.o (FLASH_EEPROM_CMD)
d:/Projects/Wch-Projects/CH591R-BLE/LIB\libCH59xBLE.a(message.o)
                              ./HAL/MCU.o (tmos_msg_deallocate)
d:/Projects/Wch-Projects/CH591R-BLE/LIB\libCH59xBLE.a(tmos.o)
                              ./HAL/MCU.o (tmos_memcpy)
d:/Projects/Wch-Projects/CH591R-BLE/LIB\libCH59xBLE.a(tmos_hw.o)
                              d:/Projects/Wch-Projects/CH591R-BLE/LIB\libCH59xBLE.a(tmos.o) (bleClock_t)
d:/Projects/Wch-Projects/CH591R-BLE/LIB\libCH59xBLE.a(tmos_snv.o)
                              d:/Projects/Wch-Projects/CH591R-BLE/LIB\libCH59xBLE.a(tmos.o) (tmos_snv_init)
d:/Projects/Wch-Projects/CH591R-BLE/LIB\libCH59xBLE.a(att.o)
                              ./APP/ble/ble.o (ATT_GetMTU)
d:/Projects/Wch-Projects/CH591R-BLE/LIB\libCH59xBLE.a(att_client.o)
                              d:/Projects/Wch-Projects/CH591R-BLE/LIB\libCH59xBLE.a(att.o) (ATT_HandleValueConfirmation)
d:/Projects/Wch-Projects/CH591R-BLE/LIB\libCH59xBLE.a(gap.o)
                              ./APP/ble/ble.o (GAP_SetParamValue)
d:/Projects/Wch-Projects/CH591R-BLE/LIB\libCH59xBLE.a(gap_central.o)
                              d:/Projects/Wch-Projects/CH591R-BLE/LIB\libCH59xBLE.a(gap.o) (gapProcessPeriodicAdvertisingSyncEstablishedEvt)
d:/Projects/Wch-Projects/CH591R-BLE/LIB\libCH59xBLE.a(gap_peripheral.o)
                              d:/Projects/Wch-Projects/CH591R-BLE/LIB\libCH59xBLE.a(gap.o) (GAP_PeripheralParamInit)
d:/Projects/Wch-Projects/CH591R-BLE/LIB\libCH59xBLE.a(gapgattserver.o)
                              ./APP/ble/ble.o (GGS_SetParameter)
d:/Projects/Wch-Projects/CH591R-BLE/LIB\libCH59xBLE.a(gatt_uuid.o)
                              d:/Projects/Wch-Projects/CH591R-BLE/LIB\libCH59xBLE.a(gapgattserver.o) (centAddrResUUID)
d:/Projects/Wch-Projects/CH591R-BLE/LIB\libCH59xBLE.a(gattservapp.o)
                              d:/Projects/Wch-Projects/CH591R-BLE/LIB\libCH59xBLE.a(gapgattserver.o) (GATTServApp_DeregisterService)
d:/Projects/Wch-Projects/CH591R-BLE/LIB\libCH59xBLE.a(l2cap.o)
                              d:/Projects/Wch-Projects/CH591R-BLE/LIB\libCH59xBLE.a(att.o) (L2CAP_GetMTU)
d:/Projects/Wch-Projects/CH591R-BLE/LIB\libCH59xBLE.a(l2cap_input.o)
                              d:/Projects/Wch-Projects/CH591R-BLE/LIB\libCH59xBLE.a(l2cap.o) (l2capProcessRxData)
d:/Projects/Wch-Projects/CH591R-BLE/LIB\libCH59xBLE.a(l2cap_output.o)
                              d:/Projects/Wch-Projects/CH591R-BLE/LIB\libCH59xBLE.a(l2cap_input.o) (l2capNotifyData)
d:/Projects/Wch-Projects/CH591R-BLE/LIB\libCH59xBLE.a(l2cap_sdu.o)
                              d:/Projects/Wch-Projects/CH591R-BLE/LIB\libCH59xBLE.a(l2cap_input.o) (l2capBuildDisconnectRsp)
d:/Projects/Wch-Projects/CH591R-BLE/LIB\libCH59xBLE.a(linkdb.o)
                              d:/Projects/Wch-Projects/CH591R-BLE/LIB\libCH59xBLE.a(l2cap.o) (linkDB_Init)
d:/Projects/Wch-Projects/CH591R-BLE/LIB\libCH59xBLE.a(sm.o)
                              d:/Projects/Wch-Projects/CH591R-BLE/LIB\libCH59xBLE.a(gap.o) (smFreePairingParams)
d:/Projects/Wch-Projects/CH591R-BLE/LIB\libCH59xBLE.a(sm_initiator.o)
                              d:/Projects/Wch-Projects/CH591R-BLE/LIB\libCH59xBLE.a(sm.o) (smInitiatorSendNextKeyInfo)
d:/Projects/Wch-Projects/CH591R-BLE/LIB\libCH59xBLE.a(sm_pdu.o)
                              d:/Projects/Wch-Projects/CH591R-BLE/LIB\libCH59xBLE.a(sm.o) (smpBuildPairingReq)
d:/Projects/Wch-Projects/CH591R-BLE/LIB\libCH59xBLE.a(sm_responding.o)
                              d:/Projects/Wch-Projects/CH591R-BLE/LIB\libCH59xBLE.a(sm.o) (smResponderSendNextKeyInfo)
d:/Projects/Wch-Projects/CH591R-BLE/LIB\libCH59xBLE.a(sm_toolbox.o)
                              d:/Projects/Wch-Projects/CH591R-BLE/LIB\libCH59xBLE.a(sm.o) (sm_ah)
d:/Projects/Wch-Projects/CH591R-BLE/LIB\libCH59xBLE.a(host_input.o)
                              d:/Projects/Wch-Projects/CH591R-BLE/LIB\libCH59xBLE.a(gap.o) (gBleHostPara)
d:/Projects/Wch-Projects/CH591R-BLE/LIB\libCH59xBLE.a(host_output.o)
                              d:/Projects/Wch-Projects/CH591R-BLE/LIB\libCH59xBLE.a(gap.o) (HCI_DisconnectCmd)
d:/Projects/Wch-Projects/CH591R-BLE/LIB\libCH59xBLE.a(ll_master.o)
                              d:/Projects/Wch-Projects/CH591R-BLE/LIB\libCH59xBLE.a(gap_central.o) (LL_SetDataSendPriority)
d:/Projects/Wch-Projects/CH591R-BLE/LIB\libCH59xBLE.a(ll_pdu.o)
                              d:/Projects/Wch-Projects/CH591R-BLE/LIB\libCH59xBLE.a(ll_master.o) (LL_ConnectionUpdateInd)
d:/Projects/Wch-Projects/CH591R-BLE/LIB\libCH59xBLE.a(ll_scan.o)
                              d:/Projects/Wch-Projects/CH591R-BLE/LIB\libCH59xBLE.a(ll_master.o) (LL_ScanEnable)
d:/Projects/Wch-Projects/CH591R-BLE/LIB\libCH59xBLE.a(ll_whitelist.o)
[...]
Memory Configuration

Name             Origin             Length             Attributes
FLASH            0x0000000000000000 0x0000000000070000 xr
RAM              0x0000000020000000 0x0000000000006800 xrw
*default*        0x0000000000000000 0xffffffffffffffff

Linker script and memory map

LOAD ./StdPeriphDriver/CH59x_adc.o
LOAD ./StdPeriphDriver/CH59x_clk.o
LOAD ./StdPeriphDriver/CH59x_flash.o
LOAD ./StdPeriphDriver/CH59x_gpio.o
LOAD ./StdPeriphDriver/CH59x_i2c.o
LOAD ./StdPeriphDriver/CH59x_lcd.o
LOAD ./StdPeriphDriver/CH59x_pwr.o
LOAD ./StdPeriphDriver/CH59x_sys.o
LOAD ./StdPeriphDriver/CH59x_uart1.o
LOAD ./Startup/startup_CH592.o
LOAD ./RVMSIS/core_riscv.o
LOAD ./LIB/ble_task_scheduler.o
LOAD ./HAL/MCU.o
LOAD ./HAL/RTC.o
LOAD ./HAL/SLEEP.o
LOAD ./APP/utils/utils.o
LOAD ./APP/drivers/ws2812b.o
LOAD ./APP/ble/ble.o
LOAD ./APP/ble/devinfoservice.o
LOAD ./APP/ble/gattprofile.o
LOAD ./APP/main.o
LOAD d:/Projects/Wch-Projects/CH591R-BLE/StdPeriphDriver\libISP592.a
LOAD d:/Projects/Wch-Projects/CH591R-BLE/LIB\libCH59xBLE.a
LOAD d:/apps/mounriver/mounriver_studio2/resources/app/resources/win32/components/wch/toolchain/risc-v embedded gcc12/bin/../lib/gcc/riscv-wch-elf/12.2.0/../../../../riscv-wch-elf/lib\libm_nano.a
LOAD d:/apps/mounriver/mounriver_studio2/resources/app/resources/win32/components/wch/toolchain/risc-v embedded gcc12/bin/../lib/gcc/riscv-wch-elf/12.2.0\libgcc.a
LOAD d:/apps/mounriver/mounriver_studio2/resources/app/resources/win32/components/wch/toolchain/risc-v embedded gcc12/bin/../lib/gcc/riscv-wch-elf/12.2.0/../../../../riscv-wch-elf/lib\libg_nano.a
LOAD d:/apps/mounriver/mounriver_studio2/resources/app/resources/win32/components/wch/toolchain/risc-v embedded gcc12/bin/../lib/gcc/riscv-wch-elf/12.2.0/../../../../riscv-wch-elf/lib\libc_nano.a
LOAD d:/apps/mounriver/mounriver_studio2/resources/app/resources/win32/components/wch/toolchain/risc-v embedded gcc12/bin/../lib/gcc/riscv-wch-elf/12.2.0\libgcc.a
START GROUP
LOAD d:/apps/mounriver/mounriver_studio2/resources/app/resources/win32/components/wch/toolchain/risc-v embedded gcc12/bin/../lib/gcc/riscv-wch-elf/12.2.0\libgcc.a
LOAD d:/apps/mounriver/mounriver_studio2/resources/app/resources/win32/components/wch/toolchain/risc-v embedded gcc12/bin/../lib/gcc/riscv-wch-elf/12.2.0/../../../../riscv-wch-elf/lib\libc_nano.a
LOAD d:/apps/mounriver/mounriver_studio2/resources/app/resources/win32/components/wch/toolchain/risc-v embedded gcc12/bin/../lib/gcc/riscv-wch-elf/12.2.0/../../../../riscv-wch-elf/lib\libnosys.a
END GROUP
START GROUP
LOAD d:/apps/mounriver/mounriver_studio2/resources/app/resources/win32/components/wch/toolchain/risc-v embedded gcc12/bin/../lib/gcc/riscv-wch-elf/12.2.0\libgcc.a
LOAD d:/apps/mounriver/mounriver_studio2/resources/app/resources/win32/components/wch/toolchain/risc-v embedded gcc12/bin/../lib/gcc/riscv-wch-elf/12.2.0/../../../../riscv-wch-elf/lib\libc_nano.a
LOAD d:/apps/mounriver/mounriver_studio2/resources/app/resources/win32/components/wch/toolchain/risc-v embedded gcc12/bin/../lib/gcc/riscv-wch-elf/12.2.0/../../../../riscv-wch-elf/lib\libnosys.a
END GROUP
                0x0000000000000200                __stack_size = 0x200
                [!provide]                        PROVIDE (_stack_size = __stack_size)

.init           0x0000000000000000        0x4
                0x0000000000000000                _sinit = .
                0x0000000000000000                . = ALIGN (0x4)
 *(SORT_NONE(.init))
 .init          0x0000000000000000        0x4 ./Startup/startup_CH592.o
                0x0000000000000000                _start
                0x0000000000000004                . = ALIGN (0x4)
                0x0000000000000004                _einit = .

.highcodelalign
                0x0000000000000004        0x0
                0x0000000000000004                . = ALIGN (0x4)
                0x0000000000000004                PROVIDE (_highcode_lma = .)

.highcode       0x0000000020000000     0x1fe4 load address 0x0000000000000004
                0x0000000020000000                . = ALIGN (0x4)
                0x0000000020000000                PROVIDE (_highcode_vma_start = .)
 *(.vector)
 .vector        0x0000000020000000       0x90 ./Startup/startup_CH592.o
 *(SORT_NONE(.vector_handler))
 .vector_handler
                0x0000000020000090        0x2 ./Startup/startup_CH592.o
                0x0000000020000090                GPIOB_IRQHandler
                0x0000000020000090                GPIOA_IRQHandler
                0x0000000020000090                SysTick_Handler
                0x0000000020000090                NMI_Handler
                0x0000000020000090                UART1_IRQHandler
                0x0000000020000090                UART0_IRQHandler
                0x0000000020000090                BB_IRQHandler
                0x0000000020000090                Break_Point_Handler
                0x0000000020000090                TMR0_IRQHandler
                0x0000000020000090                UART2_IRQHandler
                0x0000000020000090                PWMX_IRQHandler
                0x0000000020000090                ADC_IRQHandler
                0x0000000020000090                TMR2_IRQHandler
                0x0000000020000090                USB_IRQHandler
                0x0000000020000090                I2C_IRQHandler
                0x0000000020000090                WDOG_BAT_IRQHandler
                0x0000000020000090                TMR3_IRQHandler
                0x0000000020000090                SW_Handler
                0x0000000020000090                SPI0_IRQHandler
                0x0000000020000090                UART3_IRQHandler
                0x0000000020000090                TMR1_IRQHandler
 *(.highcode)
 .highcode      0x0000000020000092       0x18 ./StdPeriphDriver/CH59x_clk.o
                0x0000000020000092                RTC_GetCycle32k
 .highcode      0x00000000200000aa      0x2f0 ./StdPeriphDriver/CH59x_sys.o
                0x00000000200000b8                SetSysClock
                0x000000002000028c                SYS_ResetExecute
                0x00000000200002e4                HardFault_Handler
                0x0000000020000364                mDelayuS
                0x0000000020000374                mDelaymS
 *fill*         0x000000002000039a        0x2 
 .highcode      0x000000002000039c       0x4e ./LIB/ble_task_scheduler.o
                0x000000002000039c                Ecall_U_Mode_Handler
                0x000000002000039c                Ecall_M_Mode_Handler
 .highcode      0x00000000200003ea       0x2e ./HAL/RTC.o
                0x0000000020000402                RTC_IRQHandler
 .highcode      0x0000000020000418        0xa ./APP/main.o
                0x0000000020000418                Main_Circulation
 .highcode      0x0000000020000422      0x426 d:/Projects/Wch-Projects/CH591R-BLE/StdPeriphDriver\libISP592.a(ISP583.o)
                0x0000000020000422                FLASH_ROM_BEG
                0x0000000020000434                FLASH_ROM_END
                0x0000000020000442                FLASH_ROM_IN
                0x0000000020000450                FLASH_ROM_OUT
                0x000000002000045e                FLASH_ROM_ADDR
                0x00000000200004a6                FLASH_ROM_WAIT
                0x00000000200004de                FLASH_EEPROM_CMD
 *(.highcode.*)
 *fill*         0x0000000020000848        0x0 
 .highcode.LLE_IRQHandler
                0x0000000020000848       0x86 ./LIB/ble_task_scheduler.o
                0x0000000020000848                LLE_IRQHandler
 .highcode.tmos_memcpy
                0x00000000200008ce       0x3e d:/Projects/Wch-Projects/CH591R-BLE/LIB\libCH59xBLE.a(tmos.o)
                0x00000000200008ce                tmos_memcpy
 .highcode.tmos_memcpy_word
                0x000000002000090c       0x34 d:/Projects/Wch-Projects/CH591R-BLE/LIB\libCH59xBLE.a(tmos.o)
                0x000000002000090c                tmos_memcpy_word
 .highcode.tmos_memset
                0x0000000020000940       0x32 d:/Projects/Wch-Projects/CH591R-BLE/LIB\libCH59xBLE.a(tmos.o)
                0x0000000020000940                tmos_memset
 .highcode.tmos_strlen
                0x0000000020000972       0x30 d:/Projects/Wch-Projects/CH591R-BLE/LIB\libCH59xBLE.a(tmos.o)
                0x0000000020000972                tmos_strlen
 .highcode.tmos_memcmp
                0x00000000200009a2       0x4e d:/Projects/Wch-Projects/CH591R-BLE/LIB\libCH59xBLE.a(tmos.o)
                0x00000000200009a2                tmos_memcmp
 .highcode.tmos_revmemcpy
                0x00000000200009f0       0x38 d:/Projects/Wch-Projects/CH591R-BLE/LIB\libCH59xBLE.a(tmos.o)
                0x00000000200009f0                tmos_revmemcpy
 .highcode.tmos_isbufset
                0x0000000020000a28       0x42 d:/Projects/Wch-Projects/CH591R-BLE/LIB\libCH59xBLE.a(tmos.o)
                0x0000000020000a28                tmos_isbufset
 .highcode.tmos_proces_system_time
                0x0000000020000a6a      0x162 d:/Projects/Wch-Projects/CH591R-BLE/LIB\libCH59xBLE.a(tmos.o)
 .highcode.ble_controller_func
                0x0000000020000bcc       0x40 d:/Projects/Wch-Projects/CH591R-BLE/LIB\libCH59xBLE.a(tmos.o)
                0x0000000020000bcc                ble_controller_func
 .highcode.TMOS_SystemProcess
                0x0000000020000c0c      0x206 d:/Projects/Wch-Projects/CH591R-BLE/LIB\libCH59xBLE.a(tmos.o)
                0x0000000020000c0c                TMOS_SystemProcess
 .highcode.clockGetHSEValue
                0x0000000020000e12       0x36 d:/Projects/Wch-Projects/CH591R-BLE/LIB\libCH59xBLE.a(tmos_hw.o)
 .highcode.LL_WhitelistLookup
                0x0000000020000e48       0x4e d:/Projects/Wch-Projects/CH591R-BLE/LIB\libCH59xBLE.a(ll_whitelist.o)
                0x0000000020000e48                LL_WhitelistLookup
 *fill*         0x0000000020000e96        0x2 
 .highcode.ble_controller_scheduler
                0x0000000020000e98        0xa d:/Projects/Wch-Projects/CH591R-BLE/LIB\libCH59xBLE.a(ble_task_process.o)
 *fill*         0x0000000020000ea2        0x2 
 .highcode.LLE_IRQLibHandler
                0x0000000020000ea4       0x3a d:/Projects/Wch-Projects/CH591R-BLE/LIB\libCH59xBLE.a(ble_task_process.o)
                0x0000000020000ea4                LLE_IRQLibHandler
 .highcode.BB_IRQLibHandler
                0x0000000020000ede      0x106 d:/Projects/Wch-Projects/CH591R-BLE/LIB\libCH59xBLE.a(bb.o)
                0x0000000020000ede                BB_IRQLibHandler
 .highcode.BB_IRQLibFunction
                0x0000000020000fe4        0x6 d:/Projects/Wch-Projects/CH591R-BLE/LIB\libCH59xBLE.a(bb.o)
                0x0000000020000fe4                BB_IRQLibFunction
 .highcode.lleIrqHandler
                0x0000000020000fea      0x196 d:/Projects/Wch-Projects/CH591R-BLE/LIB\libCH59xBLE.a(ip.o)
 .highcode.ll_rx_wait_finish
                0x0000000020001180       0x3e d:/Projects/Wch-Projects/CH591R-BLE/LIB\libCH59xBLE.a(ip.o)
                0x0000000020001180                ll_rx_wait_finish
 .highcode.ble_ll_chkcrc
                0x00000000200011be       0x92 d:/Projects/Wch-Projects/CH591R-BLE/LIB\libCH59xBLE.a(ip.o)
                0x00000000200011be                ble_ll_chkcrc
 .highcode.ll_tx_wait_finish
                0x0000000020001250      0x15c d:/Projects/Wch-Projects/CH591R-BLE/LIB\libCH59xBLE.a(ip.o)
                0x0000000020001250                ll_tx_wait_finish
 .highcode.LLE_IRQSubHandler
                0x00000000200013ac       0x24 d:/Projects/Wch-Projects/CH591R-BLE/LIB\libCH59xBLE.a(lle.o)
                0x00000000200013ac                LLE_IRQSubHandler
 .highcode.RFEND_WaitTune
                0x00000000200013d0       0x3a d:/Projects/Wch-Projects/CH591R-BLE/LIB\libCH59xBLE.a(rfend.o)
                0x00000000200013d0                RFEND_WaitTune
 .highcode.tmos_memory_allocate
                0x000000002000140a       0xf2 d:/Projects/Wch-Projects/CH591R-BLE/LIB\libCH59xBLE.a(memory.o)
                0x000000002000140a                tmos_memory_allocate
 .highcode.tmos_memory_free
                0x00000000200014fc      0x108 d:/Projects/Wch-Projects/CH591R-BLE/LIB\libCH59xBLE.a(memory.o)
                0x00000000200014fc                tmos_memory_free
 .highcode.ll_connect_send_data
                0x0000000020001604      0x132 d:/Projects/Wch-Projects/CH591R-BLE/LIB\libCH59xBLE.a(ll_connect.o)
                0x0000000020001604                ll_connect_send_data
 .highcode.ll_connect_recv_data
                0x0000000020001736       0xe0 d:/Projects/Wch-Projects/CH591R-BLE/LIB\libCH59xBLE.a(ll_connect.o)
                0x0000000020001736                ll_connect_recv_data
 .highcode.ll_connect_event_continue
                0x0000000020001816       0xca d:/Projects/Wch-Projects/CH591R-BLE/LIB\libCH59xBLE.a(ll_connect.o)
                0x0000000020001816                ll_connect_event_continue
 .highcode.ll_wait_connect_event
                0x00000000200018e0       0x14 d:/Projects/Wch-Projects/CH591R-BLE/LIB\libCH59xBLE.a(ll_connect.o)
                0x00000000200018e0                ll_wait_connect_event
 .highcode.ll_get_connect_anchorPoint
                0x00000000200018f4      0x2f0 d:/Projects/Wch-Projects/CH591R-BLE/LIB\libCH59xBLE.a(ll_connect.o)
                0x00000000200018f4                ll_get_connect_anchorPoint
 .highcode.ll_process_connect_event
                0x0000000020001be4       0x58 d:/Projects/Wch-Projects/CH591R-BLE/LIB\libCH59xBLE.a(ll_connect.o)
                0x0000000020001be4                ll_process_connect_event
 .highcode.LL_HopGetChannel
                0x0000000020001c3c       0xa6 d:/Projects/Wch-Projects/CH591R-BLE/LIB\libCH59xBLE.a(ll_hop.o)
                0x0000000020001c3c                LL_HopGetChannel
 .highcode.LL_HopGetChannel2
                0x0000000020001ce2      0x26a d:/Projects/Wch-Projects/CH591R-BLE/LIB\libCH59xBLE.a(ll_hop.o)
                0x0000000020001ce2                LL_HopGetChannel2
 .highcode.LL_ResolvinglistPeerIdentifyAddressGetIrk
                0x0000000020001f4c       0x54 d:/Projects/Wch-Projects/CH591R-BLE/LIB\libCH59xBLE.a(ll_resolvinglist.o)
                0x0000000020001f4c                LL_ResolvinglistPeerIdentifyAddressGetIrk
 .highcode.LL_ResolvinglistPeerRpaAddressGetIrk
                0x0000000020001fa0       0x42 d:/Projects/Wch-Projects/CH591R-BLE/LIB\libCH59xBLE.a(ll_resolvinglist.o)
                0x0000000020001fa0                LL_ResolvinglistPeerRpaAddressGetIrk
                0x0000000020001fe4                . = ALIGN (0x4)
 *fill*         0x0000000020001fe2        0x2 
                0x0000000020001fe4                PROVIDE (_highcode_vma_end = .)

.text           0x0000000000001fe8    0x24280
                0x0000000000001fe8                . = ALIGN (0x4)
 *(SORT_NONE(.handle_reset))
 .handle_reset  0x0000000000001fe8       0xae ./Startup/startup_CH592.o
                0x0000000000001fe8                handle_reset
 *(.text)
 .text          0x0000000000002096       0x16 d:/apps/mounriver/mounriver_studio2/resources/app/resources/win32/components/wch/toolchain/risc-v embedded gcc12/bin/../lib/gcc/riscv-wch-elf/12.2.0/../../../../riscv-wch-elf/lib\libg_nano.a(lib_a-memcpy-asm.o)
                0x0000000000002096                memcpy
 .text          0x00000000000020ac       0x10 d:/apps/mounriver/mounriver_studio2/resources/app/resources/win32/components/wch/toolchain/risc-v embedded gcc12/bin/../lib/gcc/riscv-wch-elf/12.2.0/../../../../riscv-wch-elf/lib\libg_nano.a(lib_a-memset.o)
                0x00000000000020ac                memset
 *(.text.*)
 .text.ADC_InterTSSampInit
                0x00000000000020bc       0x34 ./StdPeriphDriver/CH59x_adc.o
                0x00000000000020bc                ADC_InterTSSampInit
 .text.LSECFG_Current
                0x00000000000020f0       0x4e ./StdPeriphDriver/CH59x_clk.o
                0x00000000000020f0                LSECFG_Current
 .text.RTC_InitTime
                0x000000000000213e      0x330 ./StdPeriphDriver/CH59x_clk.o
                0x000000000000213e                RTC_InitTime
 .text.Calibration_LSI
                0x000000000000246e      0x8e8 ./StdPeriphDriver/CH59x_clk.o
                0x000000000000246e                Calibration_LSI
 .text.GPIOA_ModeCfg
                0x0000000000002d56       0xc8 ./StdPeriphDriver/CH59x_gpio.o
                0x0000000000002d56                GPIOA_ModeCfg
 .text.GPIOB_ModeCfg
                0x0000000000002e1e       0xc8 ./StdPeriphDriver/CH59x_gpio.o
                0x0000000000002e1e                GPIOB_ModeCfg
 .text.GetSysClock
                0x0000000000002ee6       0x44 ./StdPeriphDriver/CH59x_sys.o
                0x0000000000002ee6                GetSysClock
 .text.SYS_DisableAllIrq
                0x0000000000002f2a       0x20 ./StdPeriphDriver/CH59x_sys.o
                0x0000000000002f2a                SYS_DisableAllIrq
 .text.SYS_RecoverIrq
                0x0000000000002f4a       0x14 ./StdPeriphDriver/CH59x_sys.o
                0x0000000000002f4a                SYS_RecoverIrq
 .text.SYS_GetSysTickCnt
                0x0000000000002f5e        0xa ./StdPeriphDriver/CH59x_sys.o
                0x0000000000002f5e                SYS_GetSysTickCnt
 .text._write   0x0000000000002f68       0x28 ./StdPeriphDriver/CH59x_sys.o
                0x0000000000002f68                _write
 .text._sbrk    0x0000000000002f90       0x30 ./StdPeriphDriver/CH59x_sys.o
                0x0000000000002f90                _sbrk
 .text.UART1_DefInit
                0x0000000000002fc0       0x50 ./StdPeriphDriver/CH59x_uart1.o
                0x0000000000002fc0                UART1_DefInit
 .text.Lib_Calibration_LSI
                0x0000000000003010        0x6 ./HAL/MCU.o
                0x0000000000003010                Lib_Calibration_LSI
 .text.Lib_Read_Flash
                0x0000000000003016       0x1c ./HAL/MCU.o
                0x0000000000003016                Lib_Read_Flash
 .text.HAL_GetInterTempValue
                0x0000000000003032       0x72 ./HAL/MCU.o
                0x0000000000003032                HAL_GetInterTempValue
 .text.HAL_ProcessEvent
                0x00000000000030a4       0x9c ./HAL/MCU.o
                0x00000000000030a4                HAL_ProcessEvent
 .text.Lib_Write_Flash
                0x0000000000003140       0xce ./HAL/MCU.o
                0x0000000000003140                Lib_Write_Flash
 .text.CH59x_BLEInit
                0x000000000000320e      0x180 ./HAL/MCU.o
                0x000000000000320e                CH59x_BLEInit
 .text.HAL_Init
                0x000000000000338e       0x30 ./HAL/MCU.o
                0x000000000000338e                HAL_Init
 .text.HAL_TimeInit
                0x00000000000033be       0xca ./HAL/RTC.o
                0x00000000000033be                HAL_TimeInit
 .text.ws2812b_show.part.0
                0x0000000000003488      0x348 ./APP/drivers/ws2812b.o
 .text.ws2812b_init
                0x00000000000037d0       0x94 ./APP/drivers/ws2812b.o
                0x00000000000037d0                ws2812b_init
 .text.ws2812b_set_color
                0x0000000000003864       0x28 ./APP/drivers/ws2812b.o
                0x0000000000003864                ws2812b_set_color
 .text.ws2812b_show
                0x000000000000388c        0x6 ./APP/drivers/ws2812b.o
                0x000000000000388c                ws2812b_show
 .text.ws2812b_clear
                0x0000000000003892       0x3a ./APP/drivers/ws2812b.o
                0x0000000000003892                ws2812b_clear
 .text.peripheralRssiCB
                0x00000000000038cc       0x12 ./APP/ble/ble.o
 .text.peripheralParamUpdateCB
                0x00000000000038de       0x38 ./APP/ble/ble.o
 .text.simpleProfileChangeCB
                0x0000000000003916       0x84 ./APP/ble/ble.o
 .text.Peripheral_ProcessEvent
                0x000000000000399a       0xca ./APP/ble/ble.o
                0x000000000000399a                Peripheral_ProcessEvent
 .text.peripheralStateNotificationCB
                0x0000000000003a64      0x24e ./APP/ble/ble.o
 .text.Peripheral_Init
                0x0000000000003cb2      0x156 ./APP/ble/ble.o
                0x0000000000003cb2                Peripheral_Init
 .text.devInfo_ReadAttrCB
                0x0000000000003e08      0x1ea ./APP/ble/devinfoservice.o
 .text.DevInfo_AddService
                0x0000000000003ff2       0x18 ./APP/ble/devinfoservice.o
                0x0000000000003ff2                DevInfo_AddService
 .text.simpleProfile_ReadAttrCB
                0x000000000000400a        0x8 ./APP/ble/gattprofile.o
 .text.simpleProfile_WriteAttrCB
                0x0000000000004012       0xae ./APP/ble/gattprofile.o
 .text.SimpleProfile_AddService
                0x00000000000040c0       0x20 ./APP/ble/gattprofile.o
                0x00000000000040c0                SimpleProfile_AddService
 .text.SimpleProfile_RegisterAppCBs
                0x00000000000040e0        0xe ./APP/ble/gattprofile.o
                0x00000000000040e0                SimpleProfile_RegisterAppCBs
 .text.startup.main
                0x00000000000040ee       0x7e ./APP/main.o
                0x00000000000040ee                main
 .text.tmos_msg_enqueue
                0x000000000000416c       0x1e d:/Projects/Wch-Projects/CH591R-BLE/LIB\libCH59xBLE.a(message.o)
                0x000000000000416c                tmos_msg_enqueue
 .text.tmos_msg_extract
                0x000000000000418a       0x1e d:/Projects/Wch-Projects/CH591R-BLE/LIB\libCH59xBLE.a(message.o)
                0x000000000000418a                tmos_msg_extract
 .text.tmos_msg_deallocate
                0x00000000000041a8       0x52 d:/Projects/Wch-Projects/CH591R-BLE/LIB\libCH59xBLE.a(message.o)
                0x00000000000041a8                tmos_msg_deallocate
 .text.tmos_msg_allocate
                0x00000000000041fa       0x70 d:/Projects/Wch-Projects/CH591R-BLE/LIB\libCH59xBLE.a(message.o)
                0x00000000000041fa                tmos_msg_allocate
 .text.tmos_msg_receive
                0x000000000000426a       0x86 d:/Projects/Wch-Projects/CH591R-BLE/LIB\libCH59xBLE.a(message.o)
                0x000000000000426a                tmos_msg_receive
 .text.tmos_msg_send
                0x00000000000042f0       0x92 d:/Projects/Wch-Projects/CH591R-BLE/LIB\libCH59xBLE.a(message.o)
                0x00000000000042f0                tmos_msg_send
 .text.tmos_msg_init
                0x0000000000004382        0xa d:/Projects/Wch-Projects/CH591R-BLE/LIB\libCH59xBLE.a(message.o)
                0x0000000000004382                tmos_msg_init
 .text.tmosFindTask
                0x000000000000438c       0x24 d:/Projects/Wch-Projects/CH591R-BLE/LIB\libCH59xBLE.a(tmos.o)
 .text.TMOS_CB_ProcessEvent
                0x00000000000043b0       0x64 d:/Projects/Wch-Projects/CH591R-BLE/LIB\libCH59xBLE.a(tmos.o)
                0x00000000000043b0                TMOS_CB_ProcessEvent
 .text.TMOS_CB_PeriodicProcessEvent
                0x0000000000004414       0x86 d:/Projects/Wch-Projects/CH591R-BLE/LIB\libCH59xBLE.a(tmos.o)
                0x0000000000004414                TMOS_CB_PeriodicProcessEvent
 .text.tmos_rand
                0x000000000000449a       0x72 d:/Projects/Wch-Projects/CH591R-BLE/LIB\libCH59xBLE.a(tmos.o)
                0x000000000000449a                tmos_rand
 .text.tmos_memdup
                0x000000000000450c       0x5c d:/Projects/Wch-Projects/CH591R-BLE/LIB\libCH59xBLE.a(tmos.o)
                0x000000000000450c                tmos_memdup
 .text.tmos_start_periodic_callback_task
                0x0000000000004568      0x120 d:/Projects/Wch-Projects/CH591R-BLE/LIB\libCH59xBLE.a(tmos.o)
                0x0000000000004568                tmos_start_periodic_callback_task
 .text.tmos_set_event
                0x0000000000004688       0x4a d:/Projects/Wch-Projects/CH591R-BLE/LIB\libCH59xBLE.a(tmos.o)
                0x0000000000004688                tmos_set_event
 .text.tmos_clear_event
                0x00000000000046d2       0x4e d:/Projects/Wch-Projects/CH591R-BLE/LIB\libCH59xBLE.a(tmos.o)
                0x00000000000046d2                tmos_clear_event
 .text.tmos_update_callback_timer
                0x0000000000004720       0xe2 d:/Projects/Wch-Projects/CH591R-BLE/LIB\libCH59xBLE.a(tmos.o)
                0x0000000000004720                tmos_update_callback_timer
 .text.tmos_update_periodic_callback_timer
                0x0000000000004802       0x80 d:/Projects/Wch-Projects/CH591R-BLE/LIB\libCH59xBLE.a(tmos.o)
                0x0000000000004802                tmos_update_periodic_callback_timer
 .text.tmos_start_task
                0x0000000000004882      0x168 d:/Projects/Wch-Projects/CH591R-BLE/LIB\libCH59xBLE.a(tmos.o)
                0x0000000000004882                tmos_start_task
 .text.tmos_start_callback_task
                0x00000000000049ea       0xc8 d:/Projects/Wch-Projects/CH591R-BLE/LIB\libCH59xBLE.a(tmos.o)
                0x00000000000049ea                tmos_start_callback_task
 .text.tmos_start_reload_task
                0x0000000000004ab2       0x76 d:/Projects/Wch-Projects/CH591R-BLE/LIB\libCH59xBLE.a(tmos.o)
                0x0000000000004ab2                tmos_start_reload_task
 .text.tmos_stop_task
                0x0000000000004b28       0x74 d:/Projects/Wch-Projects/CH591R-BLE/LIB\libCH59xBLE.a(tmos.o)
                0x0000000000004b28                tmos_stop_task
 .text.tmos_stop_callback_task
                0x0000000000004b9c       0x82 d:/Projects/Wch-Projects/CH591R-BLE/LIB\libCH59xBLE.a(tmos.o)
                0x0000000000004b9c                tmos_stop_callback_task
 .text.tmos_get_task_timer
                0x0000000000004c1e       0x82 d:/Projects/Wch-Projects/CH591R-BLE/LIB\libCH59xBLE.a(tmos.o)
                0x0000000000004c1e                tmos_get_task_timer
 .text.tmos_proces_idle
                0x0000000000004ca0       0xc6 d:/Projects/Wch-Projects/CH591R-BLE/LIB\libCH59xBLE.a(tmos.o)
                0x0000000000004ca0                tmos_proces_idle
 .text.TMOS_TimerRegister
                0x0000000000004d66       0x1e d:/Projects/Wch-Projects/CH591R-BLE/LIB\libCH59xBLE.a(tmos.o)
                0x0000000000004d66                TMOS_TimerRegister
 .text.TMOS_ProcessRegister
                0x0000000000004d84       0x16 d:/Projects/Wch-Projects/CH591R-BLE/LIB\libCH59xBLE.a(tmos.o)
                0x0000000000004d84                TMOS_ProcessRegister
 .text.TMOS_SysRegister
                0x0000000000004d9a       0x16 d:/Projects/Wch-Projects/CH591R-BLE/LIB\libCH59xBLE.a(tmos.o)
                0x0000000000004d9a                TMOS_SysRegister
 .text.TMOS_Init
                0x0000000000004db0      0x140 d:/Projects/Wch-Projects/CH591R-BLE/LIB\libCH59xBLE.a(tmos.o)
                0x0000000000004db0                TMOS_Init
 .text.TMOS_ProcessEventRegister
                0x0000000000004ef0       0x3c d:/Projects/Wch-Projects/CH591R-BLE/LIB\libCH59xBLE.a(tmos.o)
                0x0000000000004ef0                TMOS_ProcessEventRegister
 .text.BLE_LibInit
                0x0000000000004f2c      0x170 d:/Projects/Wch-Projects/CH591R-BLE/LIB\libCH59xBLE.a(tmos.o)
                0x0000000000004f2c                BLE_LibInit
 .text.clockGetTickValve
                0x000000000000509c       0x7e d:/Projects/Wch-Projects/CH591R-BLE/LIB\libCH59xBLE.a(tmos_hw.o)
 .text.ll_get_sca_divisor
                0x000000000000511a       0x40 d:/Projects/Wch-Projects/CH591R-BLE/LIB\libCH59xBLE.a(tmos_hw.o)
                0x000000000000511a                ll_get_sca_divisor
 .text.ll_get_sca_own
                0x000000000000515a       0x46 d:/Projects/Wch-Projects/CH591R-BLE/LIB\libCH59xBLE.a(tmos_hw.o)
                0x000000000000515a                ll_get_sca_own
 .text.ble_ll_common_rand8
                0x00000000000051a0       0x24 d:/Projects/Wch-Projects/CH591R-BLE/LIB\libCH59xBLE.a(tmos_hw.o)
                0x00000000000051a0                ble_ll_common_rand8
 .text.ble_ll_common_rand16
                0x00000000000051c4       0x24 d:/Projects/Wch-Projects/CH591R-BLE/LIB\libCH59xBLE.a(tmos_hw.o)
                0x00000000000051c4                ble_ll_common_rand16
 .text.ble_ll_common_rand32
                0x00000000000051e8       0x20 d:/Projects/Wch-Projects/CH591R-BLE/LIB\libCH59xBLE.a(tmos_hw.o)
                0x00000000000051e8                ble_ll_common_rand32
 .text.TMOS_TempSample
                0x0000000000005208       0x62 d:/Projects/Wch-Projects/CH591R-BLE/LIB\libCH59xBLE.a(tmos_hw.o)
                0x0000000000005208                TMOS_TempSample
 .text.TMOS_TimerInit
                0x000000000000526a      0x106 d:/Projects/Wch-Projects/CH591R-BLE/LIB\libCH59xBLE.a(tmos_hw.o)
                0x000000000000526a                TMOS_TimerInit
 .text.tmos_snv_init
                0x0000000000005370       0xc0 d:/Projects/Wch-Projects/CH591R-BLE/LIB\libCH59xBLE.a(tmos_snv.o)
                0x0000000000005370                tmos_snv_init
 .text.tmos_snv_read
                0x0000000000005430      0x294 d:/Projects/Wch-Projects/CH591R-BLE/LIB\libCH59xBLE.a(tmos_snv.o)
                0x0000000000005430                tmos_snv_read
 .text.tmos_snv_notify
                0x00000000000056c4       0x5a d:/Projects/Wch-Projects/CH591R-BLE/LIB\libCH59xBLE.a(tmos_snv.o)
                0x00000000000056c4                tmos_snv_notify
 .text.tmos_snv_write
                0x000000000000571e      0x2d2 d:/Projects/Wch-Projects/CH591R-BLE/LIB\libCH59xBLE.a(tmos_snv.o)
                0x000000000000571e                tmos_snv_write
 .text.tmos_snv_compact
                0x00000000000059f0        0x4 d:/Projects/Wch-Projects/CH591R-BLE/LIB\libCH59xBLE.a(tmos_snv.o)
                0x00000000000059f0                tmos_snv_compact
 .text.ATT_BuildErrorRsp
                0x00000000000059f4       0x26 d:/Projects/Wch-Projects/CH591R-BLE/LIB\libCH59xBLE.a(att.o)
                0x00000000000059f4                ATT_BuildErrorRsp
 .text.ATT_ParamInit
                0x0000000000005a1a        0xa d:/Projects/Wch-Projects/CH591R-BLE/LIB\libCH59xBLE.a(att.o)
                0x0000000000005a1a                ATT_ParamInit
 .text.ATT_ConvertUUIDto128
                0x0000000000005a24       0x46 d:/Projects/Wch-Projects/CH591R-BLE/LIB\libCH59xBLE.a(att.o)
                0x0000000000005a24                ATT_ConvertUUIDto128
 .text.ATT_CompareUUID
                0x0000000000005a6a       0x66 d:/Projects/Wch-Projects/CH591R-BLE/LIB\libCH59xBLE.a(att.o)
                0x0000000000005a6a                ATT_CompareUUID
 .text.ATT_RegisterServer
                0x0000000000005ad0        0x6 d:/Projects/Wch-Projects/CH591R-BLE/LIB\libCH59xBLE.a(att.o)
                0x0000000000005ad0                ATT_RegisterServer
 .text.ATT_ParsePacket
                0x0000000000005ad6       0x94 d:/Projects/Wch-Projects/CH591R-BLE/LIB\libCH59xBLE.a(att.o)
                0x0000000000005ad6                ATT_ParsePacket
 .text.ATT_UpdateMTU
                0x0000000000005b6a       0x3c d:/Projects/Wch-Projects/CH591R-BLE/LIB\libCH59xBLE.a(att.o)
                0x0000000000005b6a                ATT_UpdateMTU
 .text.ATT_GetMTU
                0x0000000000005ba6       0x1e d:/Projects/Wch-Projects/CH591R-BLE/LIB\libCH59xBLE.a(att.o)
                0x0000000000005ba6                ATT_GetMTU
 .text.attSendMsg
                0x0000000000005bc4       0xb6 d:/Projects/Wch-Projects/CH591R-BLE/LIB\libCH59xBLE.a(att.o)
                0x0000000000005bc4                attSendMsg
 .text.attSendRspMsg
                0x0000000000005c7a       0x46 d:/Projects/Wch-Projects/CH591R-BLE/LIB\libCH59xBLE.a(att.o)
                0x0000000000005c7a                attSendRspMsg
 .text.ATT_ErrorRsp
                0x0000000000005cc0       0x10 d:/Projects/Wch-Projects/CH591R-BLE/LIB\libCH59xBLE.a(att.o)
                0x0000000000005cc0                ATT_ErrorRsp
 .text.disconnectNext
                0x0000000000005cd0       0x22 d:/Projects/Wch-Projects/CH591R-BLE/LIB\libCH59xBLE.a(gap.o)
 .text.GAP_ParamInit
                0x0000000000005cf2      0x164 d:/Projects/Wch-Projects/CH591R-BLE/LIB\libCH59xBLE.a(gap.o)
                0x0000000000005cf2                GAP_ParamInit
 .text.sendTerminateEvent
                0x0000000000005e56       0x58 d:/Projects/Wch-Projects/CH591R-BLE/LIB\libCH59xBLE.a(gap.o)
                0x0000000000005e56                sendTerminateEvent
 .text.gapRegisterCentral
                0x0000000000005eae        0x6 d:/Projects/Wch-Projects/CH591R-BLE/LIB\libCH59xBLE.a(gap.o)
                0x0000000000005eae                gapRegisterCentral
 .text.gapRegisterCentralConn
                0x0000000000005eb4        0x6 d:/Projects/Wch-Projects/CH591R-BLE/LIB\libCH59xBLE.a(gap.o)
                0x0000000000005eb4                gapRegisterCentralConn
 .text.gapRegisterPeripheral
                0x0000000000005eba        0x6 d:/Projects/Wch-Projects/CH591R-BLE/LIB\libCH59xBLE.a(gap.o)
                0x0000000000005eba                gapRegisterPeripheral
 .text.gapRegisterPeripheralConn
                0x0000000000005ec0        0x6 d:/Projects/Wch-Projects/CH591R-BLE/LIB\libCH59xBLE.a(gap.o)
                0x0000000000005ec0                gapRegisterPeripheralConn
 .text.smGenerateRandBuf
                0x0000000000005ec6       0x56 d:/Projects/Wch-Projects/CH591R-BLE/LIB\libCH59xBLE.a(gap.o)
                0x0000000000005ec6                smGenerateRandBuf
 .text.gapL2capConnParamUpdateReq
                0x0000000000005f1c       0x36 d:/Projects/Wch-Projects/CH591R-BLE/LIB\libCH59xBLE.a(gap.o)
                0x0000000000005f1c                gapL2capConnParamUpdateReq
 .text.gapValidADType
                0x0000000000005f52       0x16 d:/Projects/Wch-Projects/CH591R-BLE/LIB\libCH59xBLE.a(gap.o)
                0x0000000000005f52                gapValidADType
 .text.gapFindADType
                0x0000000000005f68       0x92 d:/Projects/Wch-Projects/CH591R-BLE/LIB\libCH59xBLE.a(gap.o)
                0x0000000000005f68                gapFindADType
 .text.GAP_SecParamsInit
                0x0000000000005ffa       0xaa d:/Projects/Wch-Projects/CH591R-BLE/LIB\libCH59xBLE.a(gap.o)
                0x0000000000005ffa                GAP_SecParamsInit
 .text.GAP_ParamsInit
                0x00000000000060a4       0x50 d:/Projects/Wch-Projects/CH591R-BLE/LIB\libCH59xBLE.a(gap.o)
                0x00000000000060a4                GAP_ParamsInit
 .text.gapAddAddrAdj
                0x00000000000060f4       0x48 d:/Projects/Wch-Projects/CH591R-BLE/LIB\libCH59xBLE.a(gap.o)
                0x00000000000060f4                gapAddAddrAdj
 .text.gapDetermineAddrType
                0x000000000000613c       0x28 d:/Projects/Wch-Projects/CH591R-BLE/LIB\libCH59xBLE.a(gap.o)
                0x000000000000613c                gapDetermineAddrType
 .text.gapFreeAuthLink
                0x0000000000006164       0x4a d:/Projects/Wch-Projects/CH591R-BLE/LIB\libCH59xBLE.a(gap.o)
                0x0000000000006164                gapFreeAuthLink
 .text.gapGetDevAddress
                0x00000000000061ae       0x24 d:/Projects/Wch-Projects/CH591R-BLE/LIB\libCH59xBLE.a(gap.o)
                0x00000000000061ae                gapGetDevAddress
 .text.gapGetDevAddressMode
                0x00000000000061d2        0xa d:/Projects/Wch-Projects/CH591R-BLE/LIB\libCH59xBLE.a(gap.o)
                0x00000000000061d2                gapGetDevAddressMode
 .text.gapGetIRK
                0x00000000000061dc        0xc d:/Projects/Wch-Projects/CH591R-BLE/LIB\libCH59xBLE.a(gap.o)
                0x00000000000061dc                gapGetIRK
 .text.gapGetSRK
                0x00000000000061e8        0xc d:/Projects/Wch-Projects/CH591R-BLE/LIB\libCH59xBLE.a(gap.o)
                0x00000000000061e8                gapGetSRK
 .text.gapGetSignCounter
                0x00000000000061f4        0xe d:/Projects/Wch-Projects/CH591R-BLE/LIB\libCH59xBLE.a(gap.o)
                0x00000000000061f4                gapGetSignCounter
 .text.gapIncSignCounter
                0x0000000000006202       0x28 d:/Projects/Wch-Projects/CH591R-BLE/LIB\libCH59xBLE.a(gap.o)
                0x0000000000006202                gapIncSignCounter
 .text.gapProcessConnEvt
                0x000000000000622a       0x48 d:/Projects/Wch-Projects/CH591R-BLE/LIB\libCH59xBLE.a(gap.o)
                0x000000000000622a                gapProcessConnEvt
 .text.gapProcessDisconnectCompleteEvt
                0x0000000000006272       0xa6 d:/Projects/Wch-Projects/CH591R-BLE/LIB\libCH59xBLE.a(gap.o)
                0x0000000000006272                gapProcessDisconnectCompleteEvt
 .text.sendAuthEvent
                0x0000000000006318      0x11e d:/Projects/Wch-Projects/CH591R-BLE/LIB\libCH59xBLE.a(gap.o)
                0x0000000000006318                sendAuthEvent
 .text.gapSendBondCompleteEvent
                0x0000000000006436       0x74 d:/Projects/Wch-Projects/CH591R-BLE/LIB\libCH59xBLE.a(gap.o)
                0x0000000000006436                gapSendBondCompleteEvent
 .text.gapSendPairingReqEvent
                0x00000000000064aa       0x96 d:/Projects/Wch-Projects/CH591R-BLE/LIB\libCH59xBLE.a(gap.o)
                0x00000000000064aa                gapSendPairingReqEvent
 .text.gapSendSlaveSecurityReqEvent
                0x0000000000006540       0x68 d:/Projects/Wch-Projects/CH591R-BLE/LIB\libCH59xBLE.a(gap.o)
                0x0000000000006540                gapSendSlaveSecurityReqEvent
 .text.gapSendDeviceInitDoneEvent
                0x00000000000065a8       0x88 d:/Projects/Wch-Projects/CH591R-BLE/LIB\libCH59xBLE.a(gap.o)
                0x00000000000065a8                gapSendDeviceInitDoneEvent
 .text.gapSendLinkUpdateEvent
                0x0000000000006630       0xb2 d:/Projects/Wch-Projects/CH591R-BLE/LIB\libCH59xBLE.a(gap.o)
                0x0000000000006630                gapSendLinkUpdateEvent
 .text.gapSendPhyUpdateEvent
                0x00000000000066e2       0x58 d:/Projects/Wch-Projects/CH591R-BLE/LIB\libCH59xBLE.a(gap.o)
                0x00000000000066e2                gapSendPhyUpdateEvent
 .text.gapSendEstLinkEvent
                0x000000000000673a       0xbc d:/Projects/Wch-Projects/CH591R-BLE/LIB\libCH59xBLE.a(gap.o)
                0x000000000000673a                gapSendEstLinkEvent
 .text.gapProcessNewAddr
                0x00000000000067f6       0x3e d:/Projects/Wch-Projects/CH591R-BLE/LIB\libCH59xBLE.a(gap.o)
                0x00000000000067f6                gapProcessNewAddr
 .text.gapProcessRandomAddrComplete
                0x0000000000006834       0xb6 d:/Projects/Wch-Projects/CH591R-BLE/LIB\libCH59xBLE.a(gap.o)
                0x0000000000006834                gapProcessRandomAddrComplete
 .text.GAP_Authenticate
                0x00000000000068ea       0xde d:/Projects/Wch-Projects/CH591R-BLE/LIB\libCH59xBLE.a(gap.o)
                0x00000000000068ea                GAP_Authenticate
 .text.GAP_Bond
                0x00000000000069c8       0xa6 d:/Projects/Wch-Projects/CH591R-BLE/LIB\libCH59xBLE.a(gap.o)
                0x00000000000069c8                GAP_Bond
 .text.GAP_GetParamValue
                0x0000000000006a6e       0x20 d:/Projects/Wch-Projects/CH591R-BLE/LIB\libCH59xBLE.a(gap.o)
                0x0000000000006a6e                GAP_GetParamValue
 .text.GAP_PasscodeUpdate
                0x0000000000006a8e       0x54 d:/Projects/Wch-Projects/CH591R-BLE/LIB\libCH59xBLE.a(gap.o)
                0x0000000000006a8e                GAP_PasscodeUpdate
 .text.GAP_RegisterForMsgs
                0x0000000000006ae2        0xa d:/Projects/Wch-Projects/CH591R-BLE/LIB\libCH59xBLE.a(gap.o)
                0x0000000000006ae2                GAP_RegisterForMsgs
 .text.GAP_ResolvePrivateAddr
                0x0000000000006aec        0x4 d:/Projects/Wch-Projects/CH591R-BLE/LIB\libCH59xBLE.a(gap.o)
                0x0000000000006aec                GAP_ResolvePrivateAddr
 .text.gapPairingCompleteCB
                0x0000000000006af0      0x188 d:/Projects/Wch-Projects/CH591R-BLE/LIB\libCH59xBLE.a(gap.o)
                0x0000000000006af0                gapPairingCompleteCB
 .text.gapPasskeyNeededCB
                0x0000000000006c78       0x8e d:/Projects/Wch-Projects/CH591R-BLE/LIB\libCH59xBLE.a(gap.o)
                0x0000000000006c78                gapPasskeyNeededCB
 .text.gapOobNeededCB
                0x0000000000006d06       0xa6 d:/Projects/Wch-Projects/CH591R-BLE/LIB\libCH59xBLE.a(gap.o)
                0x0000000000006d06                gapOobNeededCB
 .text.gapFreeEstLink
                0x0000000000006dac       0x20 d:/Projects/Wch-Projects/CH591R-BLE/LIB\libCH59xBLE.a(gap.o)
                0x0000000000006dac                gapFreeEstLink
 .text.gapUpdateConnSignCounter
                0x0000000000006dcc       0x7a d:/Projects/Wch-Projects/CH591R-BLE/LIB\libCH59xBLE.a(gap.o)
                0x0000000000006dcc                gapUpdateConnSignCounter
 .text.GAP_SendSlaveSecurityRequest
                0x0000000000006e46       0x4a d:/Projects/Wch-Projects/CH591R-BLE/LIB\libCH59xBLE.a(gap.o)
                0x0000000000006e46                GAP_SendSlaveSecurityRequest
 .text.GAP_Signable
                0x0000000000006e90       0x6a d:/Projects/Wch-Projects/CH591R-BLE/LIB\libCH59xBLE.a(gap.o)
                0x0000000000006e90                GAP_Signable
 .text.GAP_TerminateAuth
                0x0000000000006efa       0x2a d:/Projects/Wch-Projects/CH591R-BLE/LIB\libCH59xBLE.a(gap.o)
                0x0000000000006efa                GAP_TerminateAuth
 .text.GAP_NumActiveConnections
                0x0000000000006f24        0x4 d:/Projects/Wch-Projects/CH591R-BLE/LIB\libCH59xBLE.a(gap.o)
                0x0000000000006f24                GAP_NumActiveConnections
 .text.GAP_TerminateLinkReq
                0x0000000000006f28       0x8e d:/Projects/Wch-Projects/CH591R-BLE/LIB\libCH59xBLE.a(gap.o)
                0x0000000000006f28                GAP_TerminateLinkReq
 .text.GAP_SetParamValue
                0x0000000000006fb6       0x6c d:/Projects/Wch-Projects/CH591R-BLE/LIB\libCH59xBLE.a(gap.o)
                0x0000000000006fb6                GAP_SetParamValue
 .text.GAP_Init
                0x0000000000007022       0x62 d:/Projects/Wch-Projects/CH591R-BLE/LIB\libCH59xBLE.a(gap.o)
                0x0000000000007022                GAP_Init
 .text.GAP_ProcessEvent
                0x0000000000007084      0x66a d:/Projects/Wch-Projects/CH591R-BLE/LIB\libCH59xBLE.a(gap.o)
                0x0000000000007084                GAP_ProcessEvent
 .text.gapSendScanEnable
                0x00000000000076ee       0x3a d:/Projects/Wch-Projects/CH591R-BLE/LIB\libCH59xBLE.a(gap_central.o)
 .text.gapCentProcessConnEvt
                0x0000000000007728      0x168 d:/Projects/Wch-Projects/CH591R-BLE/LIB\libCH59xBLE.a(gap_central.o)
                0x0000000000007728                gapCentProcessConnEvt
 .text.gapProcessScanningPeriodicAdvEvt
                0x0000000000007890       0xa0 d:/Projects/Wch-Projects/CH591R-BLE/LIB\libCH59xBLE.a(gap_central.o)
                0x0000000000007890                gapProcessScanningPeriodicAdvEvt
 .text.gapCancelLinkReq
                0x0000000000007930       0x38 d:/Projects/Wch-Projects/CH591R-BLE/LIB\libCH59xBLE.a(gap_central.o)
                0x0000000000007930                gapCancelLinkReq
 .text.gapProcessAdvertDevInfo
                0x0000000000007968      0x242 d:/Projects/Wch-Projects/CH591R-BLE/LIB\libCH59xBLE.a(gap_central.o)
                0x0000000000007968                gapProcessAdvertDevInfo
 .text.gapProcessExtAdvertDevInfo
                0x0000000000007baa      0x260 d:/Projects/Wch-Projects/CH591R-BLE/LIB\libCH59xBLE.a(gap_central.o)
                0x0000000000007baa                gapProcessExtAdvertDevInfo
 .text.gapProcessPeriodicAdvertisingSyncEstablishedEvt
                0x0000000000007e0a       0xae d:/Projects/Wch-Projects/CH591R-BLE/LIB\libCH59xBLE.a(gap_central.o)
                0x0000000000007e0a                gapProcessPeriodicAdvertisingSyncEstablishedEvt
 .text.gapProcessPeriodicAdvertisingSyncLostEvt
                0x0000000000007eb8       0x56 d:/Projects/Wch-Projects/CH591R-BLE/LIB\libCH59xBLE.a(gap_central.o)
                0x0000000000007eb8                gapProcessPeriodicAdvertisingSyncLostEvt
 .text.gapFreeScanRecs
                0x0000000000007f0e       0xa6 d:/Projects/Wch-Projects/CH591R-BLE/LIB\libCH59xBLE.a(gap_central.o)
                0x0000000000007f0e                gapFreeScanRecs
 .text.gapSendDevDiscEvent
                0x0000000000007fb4      0x124 d:/Projects/Wch-Projects/CH591R-BLE/LIB\libCH59xBLE.a(gap_central.o)
                0x0000000000007fb4                gapSendDevDiscEvent
 .text.gapSetScanParamStatus
                0x00000000000080d8       0x56 d:/Projects/Wch-Projects/CH591R-BLE/LIB\libCH59xBLE.a(gap_central.o)
 .text.gapCentProcessHCICmdEvt
                0x000000000000812e       0x3c d:/Projects/Wch-Projects/CH591R-BLE/LIB\libCH59xBLE.a(gap_central.o)
                0x000000000000812e                gapCentProcessHCICmdEvt
 .text.gapProcessScanningEvt
                0x000000000000816a      0x110 d:/Projects/Wch-Projects/CH591R-BLE/LIB\libCH59xBLE.a(gap_central.o)
                0x000000000000816a                gapProcessScanningEvt
 .text.gapProcessScanningDirectEvt
                0x000000000000827a       0xfe d:/Projects/Wch-Projects/CH591R-BLE/LIB\libCH59xBLE.a(gap_central.o)
                0x000000000000827a                gapProcessScanningDirectEvt
 .text.gapProcessScanningExtAdvEvt
                0x0000000000008378      0x2c4 d:/Projects/Wch-Projects/CH591R-BLE/LIB\libCH59xBLE.a(gap_central.o)
                0x0000000000008378                gapProcessScanningExtAdvEvt
 .text.GAP_CentConnRegister
                0x000000000000863c       0x1a d:/Projects/Wch-Projects/CH591R-BLE/LIB\libCH59xBLE.a(gap_central.o)
                0x000000000000863c                GAP_CentConnRegister
 .text.GAP_CentralParamInit
                0x0000000000008656       0x6e d:/Projects/Wch-Projects/CH591R-BLE/LIB\libCH59xBLE.a(gap_central.o)
                0x0000000000008656                GAP_CentralParamInit
 .text.GAP_CentDevMgrInit
                0x00000000000086c4       0x9c d:/Projects/Wch-Projects/CH591R-BLE/LIB\libCH59xBLE.a(gap_central.o)
                0x00000000000086c4                GAP_CentDevMgrInit
 .text.gapFreeAdvertState
                0x0000000000008760       0x20 d:/Projects/Wch-Projects/CH591R-BLE/LIB\libCH59xBLE.a(gap_peripheral.o)
 .text.gapSetPeriodicAdvParams
                0x0000000000008780       0x30 d:/Projects/Wch-Projects/CH591R-BLE/LIB\libCH59xBLE.a(gap_peripheral.o)
 .text.gapSetConnectionlessCTEParams
                0x00000000000087b0       0x54 d:/Projects/Wch-Projects/CH591R-BLE/LIB\libCH59xBLE.a(gap_peripheral.o)
 .text.gapSetAdvParams
                0x0000000000008804       0xfc d:/Projects/Wch-Projects/CH591R-BLE/LIB\libCH59xBLE.a(gap_peripheral.o)
 .text.gapPeriProcessConnEvt
                0x0000000000008900       0xd0 d:/Projects/Wch-Projects/CH591R-BLE/LIB\libCH59xBLE.a(gap_peripheral.o)
 .text.gapWriteAdvDataStatus
                0x00000000000089d0       0x8a d:/Projects/Wch-Projects/CH591R-BLE/LIB\libCH59xBLE.a(gap_peripheral.o)
 .text.GAP_MakeDiscoverable
                0x0000000000008a5a      0x174 d:/Projects/Wch-Projects/CH591R-BLE/LIB\libCH59xBLE.a(gap_peripheral.o)
                0x0000000000008a5a                GAP_MakeDiscoverable
 .text.GAP_EndDiscoverable
                0x0000000000008bce       0x66 d:/Projects/Wch-Projects/CH591R-BLE/LIB\libCH59xBLE.a(gap_peripheral.o)
                0x0000000000008bce                GAP_EndDiscoverable
 .text.gapProcessAdvertisingEvt
                0x0000000000008c34      0x116 d:/Projects/Wch-Projects/CH591R-BLE/LIB\libCH59xBLE.a(gap_peripheral.o)
 .text.GAP_MakePeriodic
                0x0000000000008d4a       0x2a d:/Projects/Wch-Projects/CH591R-BLE/LIB\libCH59xBLE.a(gap_peripheral.o)
                0x0000000000008d4a                GAP_MakePeriodic
 .text.GAP_EndPeriodic
                0x0000000000008d74       0x10 d:/Projects/Wch-Projects/CH591R-BLE/LIB\libCH59xBLE.a(gap_peripheral.o)
                0x0000000000008d74                GAP_EndPeriodic
 .text.GAP_MakeConnecttionlessCTE
                0x0000000000008d84       0x1a d:/Projects/Wch-Projects/CH591R-BLE/LIB\libCH59xBLE.a(gap_peripheral.o)
                0x0000000000008d84                GAP_MakeConnecttionlessCTE
 .text.GAP_EndConnecttionlessCTE
                0x0000000000008d9e        0xc d:/Projects/Wch-Projects/CH591R-BLE/LIB\libCH59xBLE.a(gap_peripheral.o)
                0x0000000000008d9e                GAP_EndConnecttionlessCTE
 .text.GAP_SetAdvertisingAdvData
                0x0000000000008daa      0x102 d:/Projects/Wch-Projects/CH591R-BLE/LIB\libCH59xBLE.a(gap_peripheral.o)
                0x0000000000008daa                GAP_SetAdvertisingAdvData
 .text.GAP_SetAdvertisingRspData
                0x0000000000008eac      0x102 d:/Projects/Wch-Projects/CH591R-BLE/LIB\libCH59xBLE.a(gap_peripheral.o)
                0x0000000000008eac                GAP_SetAdvertisingRspData
 .text.GAP_SetPeriodicAdvertisingData
                0x0000000000008fae       0xc6 d:/Projects/Wch-Projects/CH591R-BLE/LIB\libCH59xBLE.a(gap_peripheral.o)
                0x0000000000008fae                GAP_SetPeriodicAdvertisingData
 .text.GAP_GetAdvertisingAdvData
                0x0000000000009074       0x26 d:/Projects/Wch-Projects/CH591R-BLE/LIB\libCH59xBLE.a(gap_peripheral.o)
                0x0000000000009074                GAP_GetAdvertisingAdvData
 .text.GAP_GetAdvertisingRspData
                0x000000000000909a       0x34 d:/Projects/Wch-Projects/CH591R-BLE/LIB\libCH59xBLE.a(gap_peripheral.o)
                0x000000000000909a                GAP_GetAdvertisingRspData
 .text.GAP_GetPeriodicAdvertisingData
                0x00000000000090ce       0x34 d:/Projects/Wch-Projects/CH591R-BLE/LIB\libCH59xBLE.a(gap_peripheral.o)
                0x00000000000090ce                GAP_GetPeriodicAdvertisingData
 .text.GAP_PeriConnRegister
                0x0000000000009102       0x2e d:/Projects/Wch-Projects/CH591R-BLE/LIB\libCH59xBLE.a(gap_peripheral.o)
                0x0000000000009102                GAP_PeriConnRegister
 .text.GAP_PeripheralParamInit
                0x0000000000009130       0x70 d:/Projects/Wch-Projects/CH591R-BLE/LIB\libCH59xBLE.a(gap_peripheral.o)
                0x0000000000009130                GAP_PeripheralParamInit
 .text.gapSendMakeDiscEvent
                0x00000000000091a0       0x50 d:/Projects/Wch-Projects/CH591R-BLE/LIB\libCH59xBLE.a(gap_peripheral.o)
                0x00000000000091a0                gapSendMakeDiscEvent
 .text.gapWriteAdvEnableStatus
                0x00000000000091f0      0x10e d:/Projects/Wch-Projects/CH591R-BLE/LIB\libCH59xBLE.a(gap_peripheral.o)
 .text.gapSendMakePeriodicEvent
                0x00000000000092fe       0x3a d:/Projects/Wch-Projects/CH591R-BLE/LIB\libCH59xBLE.a(gap_peripheral.o)
                0x00000000000092fe                gapSendMakePeriodicEvent
 .text.gapSendMakeConnectionlessCTEEvent
                0x0000000000009338       0x3a d:/Projects/Wch-Projects/CH591R-BLE/LIB\libCH59xBLE.a(gap_peripheral.o)
                0x0000000000009338                gapSendMakeConnectionlessCTEEvent
 .text.gapPeriProcessHCICmdCompleteEvt
                0x0000000000009372      0x232 d:/Projects/Wch-Projects/CH591R-BLE/LIB\libCH59xBLE.a(gap_peripheral.o)
 .text.GAP_PeriDevMgrInit
                0x00000000000095a4       0x2e d:/Projects/Wch-Projects/CH591R-BLE/LIB\libCH59xBLE.a(gap_peripheral.o)
                0x00000000000095a4                GAP_PeriDevMgrInit
 .text.ggs_SetAttrWPermit
                0x00000000000095d2       0x68 d:/Projects/Wch-Projects/CH591R-BLE/LIB\libCH59xBLE.a(gapgattserver.o)
 .text.ggs_ReadAttrCB
                0x000000000000963a      0x156 d:/Projects/Wch-Projects/CH591R-BLE/LIB\libCH59xBLE.a(gapgattserver.o)
 .text.ggs_WriteAttrCB
                0x0000000000009790      0x162 d:/Projects/Wch-Projects/CH591R-BLE/LIB\libCH59xBLE.a(gapgattserver.o)
 .text.GGS_ParamInit
                0x00000000000098f2      0x15c d:/Projects/Wch-Projects/CH591R-BLE/LIB\libCH59xBLE.a(gapgattserver.o)
                0x00000000000098f2                GGS_ParamInit
 .text.GGS_SetParameter
                0x0000000000009a4e      0x116 d:/Projects/Wch-Projects/CH591R-BLE/LIB\libCH59xBLE.a(gapgattserver.o)
                0x0000000000009a4e                GGS_SetParameter
 .text.GGS_AddService
                0x0000000000009b64       0x2c d:/Projects/Wch-Projects/CH591R-BLE/LIB\libCH59xBLE.a(gapgattserver.o)
                0x0000000000009b64                GGS_AddService
 .text.GAP_DeviceInit
                0x0000000000009b90       0xd8 d:/Projects/Wch-Projects/CH591R-BLE/LIB\libCH59xBLE.a(gapgattserver.o)
                0x0000000000009b90                GAP_DeviceInit
 .text.gattProcessExchangeMTUReq
                0x0000000000009c68        0x4 d:/Projects/Wch-Projects/CH591R-BLE/LIB\libCH59xBLE.a(gattservapp.o)
 .text.gattServApp_FindCharCfgItem
                0x0000000000009c6c       0x24 d:/Projects/Wch-Projects/CH591R-BLE/LIB\libCH59xBLE.a(gattservapp.o)
 .text.gattServerHandleTimerCB
                0x0000000000009c90       0x3c d:/Projects/Wch-Projects/CH591R-BLE/LIB\libCH59xBLE.a(gattservapp.o)
 .text.GATTServApp_InitCharCfg.part.12
                0x0000000000009ccc       0x20 d:/Projects/Wch-Projects/CH591R-BLE/LIB\libCH59xBLE.a(gattservapp.o)
 .text.gattProcessExecuteWriteReq
                0x0000000000009cec        0x4 d:/Projects/Wch-Projects/CH591R-BLE/LIB\libCH59xBLE.a(gattservapp.o)
 .text.GATTServApp_ParamInit
                0x0000000000009cf0       0xd6 d:/Projects/Wch-Projects/CH591R-BLE/LIB\libCH59xBLE.a(gattservapp.o)
                0x0000000000009cf0                GATTServApp_ParamInit
 .text.GATTServApp_ReadCharCfg
                0x0000000000009dc6       0x18 d:/Projects/Wch-Projects/CH591R-BLE/LIB\libCH59xBLE.a(gattservapp.o)
                0x0000000000009dc6                GATTServApp_ReadCharCfg
 .text.GATTServApp_WriteCharCfg
                0x0000000000009dde       0x3c d:/Projects/Wch-Projects/CH591R-BLE/LIB\libCH59xBLE.a(gattservapp.o)
                0x0000000000009dde                GATTServApp_WriteCharCfg
 .text.GATTServApp_ProcessCCCWriteReq
                0x0000000000009e1a       0x5c d:/Projects/Wch-Projects/CH591R-BLE/LIB\libCH59xBLE.a(gattservapp.o)
                0x0000000000009e1a                GATTServApp_ProcessCCCWriteReq
 .text.gattServApp_WriteAttrCB
                0x0000000000009e76       0x34 d:/Projects/Wch-Projects/CH591R-BLE/LIB\libCH59xBLE.a(gattservapp.o)
                0x0000000000009e76                gattServApp_WriteAttrCB
 .text.GATTServApp_SendCCCUpdatedEvent
                0x0000000000009eaa       0x5e d:/Projects/Wch-Projects/CH591R-BLE/LIB\libCH59xBLE.a(gattservapp.o)
                0x0000000000009eaa                GATTServApp_SendCCCUpdatedEvent
 .text.GATTServApp_SendServiceChangedInd
                0x0000000000009f08       0x36 d:/Projects/Wch-Projects/CH591R-BLE/LIB\libCH59xBLE.a(gattservapp.o)
                0x0000000000009f08                GATTServApp_SendServiceChangedInd
 .text.gattServApp_ClearPrepareWriteQ
                0x0000000000009f3e       0x50 d:/Projects/Wch-Projects/CH591R-BLE/LIB\libCH59xBLE.a(gattservapp.o)
                0x0000000000009f3e                gattServApp_ClearPrepareWriteQ
 .text.gattServApp_FindPrepareWriteQ
                0x0000000000009f8e       0x30 d:/Projects/Wch-Projects/CH591R-BLE/LIB\libCH59xBLE.a(gattservapp.o)
                0x0000000000009f8e                gattServApp_FindPrepareWriteQ
 .text.gattServApp_FindServiceCBs
                0x0000000000009fbe       0x18 d:/Projects/Wch-Projects/CH591R-BLE/LIB\libCH59xBLE.a(gattservapp.o)
                0x0000000000009fbe                gattServApp_FindServiceCBs
 .text.gattServApp_FindAuthorizeAttrCB
                0x0000000000009fd6       0x14 d:/Projects/Wch-Projects/CH591R-BLE/LIB\libCH59xBLE.a(gattservapp.o)
                0x0000000000009fd6                gattServApp_FindAuthorizeAttrCB
 .text.gattServApp_IsWriteLong
                0x0000000000009fea       0xea d:/Projects/Wch-Projects/CH591R-BLE/LIB\libCH59xBLE.a(gattservapp.o)
                0x0000000000009fea                gattServApp_IsWriteLong
 .text.gattFindService
                0x000000000000a0d4       0x1c d:/Projects/Wch-Projects/CH591R-BLE/LIB\libCH59xBLE.a(gattservapp.o)
                0x000000000000a0d4                gattFindService
 .text.GATT_ServiceNumAttrs
                0x000000000000a0f0       0x16 d:/Projects/Wch-Projects/CH591R-BLE/LIB\libCH59xBLE.a(gattservapp.o)
                0x000000000000a0f0                GATT_ServiceNumAttrs
 .text.GATT_ServiceEncKeySize
                0x000000000000a106       0x16 d:/Projects/Wch-Projects/CH591R-BLE/LIB\libCH59xBLE.a(gattservapp.o)
                0x000000000000a106                GATT_ServiceEncKeySize
 .text.GATT_VerifyWritePermissions.part.7
                0x000000000000a11c       0x2c d:/Projects/Wch-Projects/CH591R-BLE/LIB\libCH59xBLE.a(gattservapp.o)
 .text.gattResetServerInfo
                0x000000000000a148       0x1c d:/Projects/Wch-Projects/CH591R-BLE/LIB\libCH59xBLE.a(gattservapp.o)
                0x000000000000a148                gattResetServerInfo
 .text.gattFindServerInfo
                0x000000000000a164       0x2c d:/Projects/Wch-Projects/CH591R-BLE/LIB\libCH59xBLE.a(gattservapp.o)
                0x000000000000a164                gattFindServerInfo
 .text.gattServerHandleConnStatusCB
                0x000000000000a190       0x94 d:/Projects/Wch-Projects/CH591R-BLE/LIB\libCH59xBLE.a(gattservapp.o)
                0x000000000000a190                gattServerHandleConnStatusCB
 .text.gattServerProcessMsgCB
                0x000000000000a224      0x1c0 d:/Projects/Wch-Projects/CH591R-BLE/LIB\libCH59xBLE.a(gattservapp.o)
                0x000000000000a224                gattServerProcessMsgCB
 .text.gattServerNotifyTxCB
                0x000000000000a3e4       0x28 d:/Projects/Wch-Projects/CH591R-BLE/LIB\libCH59xBLE.a(gattservapp.o)
 .text.GATT_FindHandle
                0x000000000000a40c       0x4a d:/Projects/Wch-Projects/CH591R-BLE/LIB\libCH59xBLE.a(gattservapp.o)
                0x000000000000a40c                GATT_FindHandle
 .text.GATTServApp_WriteAttr
                0x000000000000a456       0xa8 d:/Projects/Wch-Projects/CH591R-BLE/LIB\libCH59xBLE.a(gattservapp.o)
                0x000000000000a456                GATTServApp_WriteAttr
 .text.gattServApp_ProcessExecuteWriteReq
                0x000000000000a4fe      0x100 d:/Projects/Wch-Projects/CH591R-BLE/LIB\libCH59xBLE.a(gattservapp.o)
                0x000000000000a4fe                gattServApp_ProcessExecuteWriteReq
 .text.GATTServApp_UpdateCharCfg
                0x000000000000a5fe       0x1e d:/Projects/Wch-Projects/CH591R-BLE/LIB\libCH59xBLE.a(gattservapp.o)
                0x000000000000a5fe                GATTServApp_UpdateCharCfg
 .text.gattServApp_ProcessPrepareWriteReq
                0x000000000000a61c      0x10e d:/Projects/Wch-Projects/CH591R-BLE/LIB\libCH59xBLE.a(gattservapp.o)
                0x000000000000a61c                gattServApp_ProcessPrepareWriteReq
 .text.gattServApp_ProcessWriteReq
                0x000000000000a72a       0xb0 d:/Projects/Wch-Projects/CH591R-BLE/LIB\libCH59xBLE.a(gattservapp.o)
                0x000000000000a72a                gattServApp_ProcessWriteReq
 .text.GATT_Indication
                0x000000000000a7da       0xa4 d:/Projects/Wch-Projects/CH591R-BLE/LIB\libCH59xBLE.a(gattservapp.o)
                0x000000000000a7da                GATT_Indication
 .text.GATT_FindHandleUUID
                0x000000000000a87e       0x94 d:/Projects/Wch-Projects/CH591R-BLE/LIB\libCH59xBLE.a(gattservapp.o)
                0x000000000000a87e                GATT_FindHandleUUID
 .text.gattProcessReadByGrpTypeReq
                0x000000000000a912       0x60 d:/Projects/Wch-Projects/CH591R-BLE/LIB\libCH59xBLE.a(gattservapp.o)
 .text.gattProcessReadByTypeReq
                0x000000000000a972       0x34 d:/Projects/Wch-Projects/CH591R-BLE/LIB\libCH59xBLE.a(gattservapp.o)
 .text.gattProcessFindByTypeValueReq
                0x000000000000a9a6       0x34 d:/Projects/Wch-Projects/CH591R-BLE/LIB\libCH59xBLE.a(gattservapp.o)
 .text.gattProcessFindInfoReq
                0x000000000000a9da      0x1aa d:/Projects/Wch-Projects/CH591R-BLE/LIB\libCH59xBLE.a(gattservapp.o)
 .text.GATT_VerifyWritePermissions
                0x000000000000ab84       0x6a d:/Projects/Wch-Projects/CH591R-BLE/LIB\libCH59xBLE.a(gattservapp.o)
                0x000000000000ab84                GATT_VerifyWritePermissions
 .text.gattProcessWriteReq
                0x000000000000abee       0x36 d:/Projects/Wch-Projects/CH591R-BLE/LIB\libCH59xBLE.a(gattservapp.o)
 .text.GATT_VerifyPrepareWritePermissions
                0x000000000000ac24       0x56 d:/Projects/Wch-Projects/CH591R-BLE/LIB\libCH59xBLE.a(gattservapp.o)
                0x000000000000ac24                GATT_VerifyPrepareWritePermissions
 .text.gattProcessPrepareWriteReq
                0x000000000000ac7a       0x36 d:/Projects/Wch-Projects/CH591R-BLE/LIB\libCH59xBLE.a(gattservapp.o)
 .text.GATT_FindNextAttr
                0x000000000000acb0       0xc2 d:/Projects/Wch-Projects/CH591R-BLE/LIB\libCH59xBLE.a(gattservapp.o)
                0x000000000000acb0                GATT_FindNextAttr
 .text.GATTServApp_ReadAttr
                0x000000000000ad72      0x2ea d:/Projects/Wch-Projects/CH591R-BLE/LIB\libCH59xBLE.a(gattservapp.o)
                0x000000000000ad72                GATTServApp_ReadAttr
 .text.gattServApp_ProcessReadMultiReq
                0x000000000000b05c      0x16e d:/Projects/Wch-Projects/CH591R-BLE/LIB\libCH59xBLE.a(gattservapp.o)
                0x000000000000b05c                gattServApp_ProcessReadMultiReq
 .text.gattServApp_ProcessFindByTypeValueReq
                0x000000000000b1ca      0x1a0 d:/Projects/Wch-Projects/CH591R-BLE/LIB\libCH59xBLE.a(gattservapp.o)
                0x000000000000b1ca                gattServApp_ProcessFindByTypeValueReq
 .text.GATT_VerifyReadPermissions
                0x000000000000b36a       0x68 d:/Projects/Wch-Projects/CH591R-BLE/LIB\libCH59xBLE.a(gattservapp.o)
                0x000000000000b36a                GATT_VerifyReadPermissions
 .text.gattProcessReadMultiReq
                0x000000000000b3d2       0xae d:/Projects/Wch-Projects/CH591R-BLE/LIB\libCH59xBLE.a(gattservapp.o)
 .text.gattProcessReadReq
                0x000000000000b480       0x30 d:/Projects/Wch-Projects/CH591R-BLE/LIB\libCH59xBLE.a(gattservapp.o)
 .text.gattServApp_ProcessReadByGrpTypeReq
                0x000000000000b4b0      0x200 d:/Projects/Wch-Projects/CH591R-BLE/LIB\libCH59xBLE.a(gattservapp.o)
                0x000000000000b4b0                gattServApp_ProcessReadByGrpTypeReq
 .text.gattServApp_ProcessReadByTypeReq
                0x000000000000b6b0      0x1ae d:/Projects/Wch-Projects/CH591R-BLE/LIB\libCH59xBLE.a(gattservapp.o)
                0x000000000000b6b0                gattServApp_ProcessReadByTypeReq
 .text.GATT_RegisterService
                0x000000000000b85e      0x100 d:/Projects/Wch-Projects/CH591R-BLE/LIB\libCH59xBLE.a(gattservapp.o)
                0x000000000000b85e                GATT_RegisterService
 .text.GATTServApp_RegisterService
                0x000000000000b95e       0x7c d:/Projects/Wch-Projects/CH591R-BLE/LIB\libCH59xBLE.a(gattservapp.o)
                0x000000000000b95e                GATTServApp_RegisterService
 .text.GATTServApp_AddService
                0x000000000000b9da       0x2c d:/Projects/Wch-Projects/CH591R-BLE/LIB\libCH59xBLE.a(gattservapp.o)
                0x000000000000b9da                GATTServApp_AddService
 .text.GATTServApp_RegisterForMsg
                0x000000000000ba06        0x6 d:/Projects/Wch-Projects/CH591R-BLE/LIB\libCH59xBLE.a(gattservapp.o)
                0x000000000000ba06                GATTServApp_RegisterForMsg
 .text.GATTServApp_InitCharCfg
                0x000000000000ba0c       0x28 d:/Projects/Wch-Projects/CH591R-BLE/LIB\libCH59xBLE.a(gattservapp.o)
                0x000000000000ba0c                GATTServApp_InitCharCfg
 .text.gattServApp_HandleConnStatusCB
                0x000000000000ba34       0x74 d:/Projects/Wch-Projects/CH591R-BLE/LIB\libCH59xBLE.a(gattservapp.o)
                0x000000000000ba34                gattServApp_HandleConnStatusCB
 .text.GATT_InitServer
                0x000000000000baa8       0xfa d:/Projects/Wch-Projects/CH591R-BLE/LIB\libCH59xBLE.a(gattservapp.o)
                0x000000000000baa8                GATT_InitServer
 .text.GATTServApp_Init
                0x000000000000bba2       0x34 d:/Projects/Wch-Projects/CH591R-BLE/LIB\libCH59xBLE.a(gattservapp.o)
                0x000000000000bba2                GATTServApp_Init
 .text.GATTServApp_ProcessEvent
                0x000000000000bbd6      0x36a d:/Projects/Wch-Projects/CH591R-BLE/LIB\libCH59xBLE.a(gattservapp.o)
                0x000000000000bbd6                GATTServApp_ProcessEvent
 .text.l2capAllocConnChannel
                0x000000000000bf40       0xe0 d:/Projects/Wch-Projects/CH591R-BLE/LIB\libCH59xBLE.a(l2cap.o)
                0x000000000000bf40                l2capAllocConnChannel
 .text.l2capFindLocalCID
                0x000000000000c020       0x2c d:/Projects/Wch-Projects/CH591R-BLE/LIB\libCH59xBLE.a(l2cap.o)
                0x000000000000c020                l2capFindLocalCID
 .text.l2capFindLocalId
                0x000000000000c04c       0x30 d:/Projects/Wch-Projects/CH591R-BLE/LIB\libCH59xBLE.a(l2cap.o)
                0x000000000000c04c                l2capFindLocalId
 .text.l2capFindPsm
                0x000000000000c07c       0x30 d:/Projects/Wch-Projects/CH591R-BLE/LIB\libCH59xBLE.a(l2cap.o)
                0x000000000000c07c                l2capFindPsm
 .text.l2capFindRemoteCID
                0x000000000000c0ac       0x3c d:/Projects/Wch-Projects/CH591R-BLE/LIB\libCH59xBLE.a(l2cap.o)
                0x000000000000c0ac                l2capFindRemoteCID
 .text.l2capFreeChannel
                0x000000000000c0e8       0x4e d:/Projects/Wch-Projects/CH591R-BLE/LIB\libCH59xBLE.a(l2cap.o)
                0x000000000000c0e8                l2capFreeChannel
 .text.l2capDisconnectChannel
                0x000000000000c136       0x28 d:/Projects/Wch-Projects/CH591R-BLE/LIB\libCH59xBLE.a(l2cap.o)
                0x000000000000c136                l2capDisconnectChannel
 .text.l2capHandleTimerCB
                0x000000000000c15e       0x2c d:/Projects/Wch-Projects/CH591R-BLE/LIB\libCH59xBLE.a(l2cap.o)
                0x000000000000c15e                l2capHandleTimerCB
 .text.l2capFreePendingPkt
                0x000000000000c18a       0x58 d:/Projects/Wch-Projects/CH591R-BLE/LIB\libCH59xBLE.a(l2cap.o)
                0x000000000000c18a                l2capFreePendingPkt
 .text.l2capGetCoChannelInfo
                0x000000000000c1e2       0x86 d:/Projects/Wch-Projects/CH591R-BLE/LIB\libCH59xBLE.a(l2cap.o)
                0x000000000000c1e2                l2capGetCoChannelInfo
 .text.l2capNumActiveChannnels
                0x000000000000c268       0x48 d:/Projects/Wch-Projects/CH591R-BLE/LIB\libCH59xBLE.a(l2cap.o)
                0x000000000000c268                l2capNumActiveChannnels
 .text.l2capStartTimer
                0x000000000000c2b0       0x1a d:/Projects/Wch-Projects/CH591R-BLE/LIB\libCH59xBLE.a(l2cap.o)
                0x000000000000c2b0                l2capStartTimer
 .text.l2capStopTimer
                0x000000000000c2ca       0x1e d:/Projects/Wch-Projects/CH591R-BLE/LIB\libCH59xBLE.a(l2cap.o)
                0x000000000000c2ca                l2capStopTimer
 .text.l2capDisconnectAllChannels
                0x000000000000c2e8       0xdc d:/Projects/Wch-Projects/CH591R-BLE/LIB\libCH59xBLE.a(l2cap.o)
                0x000000000000c2e8                l2capDisconnectAllChannels
 .text.l2capHandleConnStatusCB
                0x000000000000c3c4       0x3c d:/Projects/Wch-Projects/CH591R-BLE/LIB\libCH59xBLE.a(l2cap.o)
                0x000000000000c3c4                l2capHandleConnStatusCB
 .text.l2capHandleRxError
                0x000000000000c400        0x6 d:/Projects/Wch-Projects/CH591R-BLE/LIB\libCH59xBLE.a(l2cap.o)
                0x000000000000c400                l2capHandleRxError
 .text.L2CAP_GetMTU
                0x000000000000c406        0x6 d:/Projects/Wch-Projects/CH591R-BLE/LIB\libCH59xBLE.a(l2cap.o)
                0x000000000000c406                L2CAP_GetMTU
 .text.L2CAP_HostNumCompletedPkts
                0x000000000000c40c       0x28 d:/Projects/Wch-Projects/CH591R-BLE/LIB\libCH59xBLE.a(l2cap.o)
                0x000000000000c40c                L2CAP_HostNumCompletedPkts
 .text.L2CAP_ParseConnectReq
                0x000000000000c434       0x5e d:/Projects/Wch-Projects/CH591R-BLE/LIB\libCH59xBLE.a(l2cap.o)
                0x000000000000c434                L2CAP_ParseConnectReq
 .text.L2CAP_ParseFlowCtrlCredit
                0x000000000000c492       0x2e d:/Projects/Wch-Projects/CH591R-BLE/LIB\libCH59xBLE.a(l2cap.o)
                0x000000000000c492                L2CAP_ParseFlowCtrlCredit
 .text.L2CAP_RegisterApp
                0x000000000000c4c0       0x30 d:/Projects/Wch-Projects/CH591R-BLE/LIB\libCH59xBLE.a(l2cap.o)
                0x000000000000c4c0                L2CAP_RegisterApp
 .text.L2CAP_SetBufSize
                0x000000000000c4f0       0x1e d:/Projects/Wch-Projects/CH591R-BLE/LIB\libCH59xBLE.a(l2cap.o)
                0x000000000000c4f0                L2CAP_SetBufSize
 .text.L2CAP_bm_alloc
                0x000000000000c50e       0x2a d:/Projects/Wch-Projects/CH591R-BLE/LIB\libCH59xBLE.a(l2cap.o)
                0x000000000000c50e                L2CAP_bm_alloc
 .text.L2CAP_Init
                0x000000000000c538      0x15e d:/Projects/Wch-Projects/CH591R-BLE/LIB\libCH59xBLE.a(l2cap.o)
                0x000000000000c538                L2CAP_Init
 .text.L2CAP_ProcessEvent
                0x000000000000c696       0xd4 d:/Projects/Wch-Projects/CH591R-BLE/LIB\libCH59xBLE.a(l2cap.o)
                0x000000000000c696                L2CAP_ProcessEvent
 .text.l2capParseCmdReject
                0x000000000000c76a       0x5e d:/Projects/Wch-Projects/CH591R-BLE/LIB\libCH59xBLE.a(l2cap_input.o)
                0x000000000000c76a                l2capParseCmdReject
 .text.l2capParseDisconnectReq
                0x000000000000c7c8       0x2e d:/Projects/Wch-Projects/CH591R-BLE/LIB\libCH59xBLE.a(l2cap_input.o)
                0x000000000000c7c8                l2capParseDisconnectReq
 .text.l2capParseDisconnectRsp
                0x000000000000c7f6       0x2e d:/Projects/Wch-Projects/CH591R-BLE/LIB\libCH59xBLE.a(l2cap_input.o)
                0x000000000000c7f6                l2capParseDisconnectRsp
 .text.L2CAP_ParseParamUpdateReq
                0x000000000000c824       0x4e d:/Projects/Wch-Projects/CH591R-BLE/LIB\libCH59xBLE.a(l2cap_input.o)
                0x000000000000c824                L2CAP_ParseParamUpdateReq
 .text.l2capParseParamUpdateRsp
                0x000000000000c872       0x1e d:/Projects/Wch-Projects/CH591R-BLE/LIB\libCH59xBLE.a(l2cap_input.o)
                0x000000000000c872                l2capParseParamUpdateRsp
 .text.l2capProcessConnectReq
                0x000000000000c890       0xfc d:/Projects/Wch-Projects/CH591R-BLE/LIB\libCH59xBLE.a(l2cap_input.o)
                0x000000000000c890                l2capProcessConnectReq
 .text.l2capParseConnectRsp
                0x000000000000c98c       0x5e d:/Projects/Wch-Projects/CH591R-BLE/LIB\libCH59xBLE.a(l2cap_input.o)
                0x000000000000c98c                l2capParseConnectRsp
 .text.l2capParseSignalHdr
                0x000000000000c9ea       0x22 d:/Projects/Wch-Projects/CH591R-BLE/LIB\libCH59xBLE.a(l2cap_input.o)
                0x000000000000c9ea                l2capParseSignalHdr
 .text.l2capParsePacket
                0x000000000000ca0c       0x8c d:/Projects/Wch-Projects/CH591R-BLE/LIB\libCH59xBLE.a(l2cap_input.o)
                0x000000000000ca0c                l2capParsePacket
 .text.l2capProcessReq
                0x000000000000ca98      0x15e d:/Projects/Wch-Projects/CH591R-BLE/LIB\libCH59xBLE.a(l2cap_input.o)
                0x000000000000ca98                l2capProcessReq
 .text.l2capProcessRsp
                0x000000000000cbf6      0x150 d:/Projects/Wch-Projects/CH591R-BLE/LIB\libCH59xBLE.a(l2cap_input.o)
                0x000000000000cbf6                l2capProcessRsp
 .text.l2capProcessRxData
                0x000000000000cd46       0xf8 d:/Projects/Wch-Projects/CH591R-BLE/LIB\libCH59xBLE.a(l2cap_input.o)
                0x000000000000cd46                l2capProcessRxData
 .text.l2capNotifyData
                0x000000000000ce3e       0x5e d:/Projects/Wch-Projects/CH591R-BLE/LIB\libCH59xBLE.a(l2cap_output.o)
                0x000000000000ce3e                l2capNotifyData
 .text.l2capNotifySignal
                0x000000000000ce9c       0x7a d:/Projects/Wch-Projects/CH591R-BLE/LIB\libCH59xBLE.a(l2cap_output.o)
                0x000000000000ce9c                l2capNotifySignal
 .text.l2capNotifyCreditEvt
                0x000000000000cf16       0xa4 d:/Projects/Wch-Projects/CH591R-BLE/LIB\libCH59xBLE.a(l2cap_output.o)
                0x000000000000cf16                l2capNotifyCreditEvt
 .text.l2capNotifyChannelEstEvt
                0x000000000000cfba       0x5c d:/Projects/Wch-Projects/CH591R-BLE/LIB\libCH59xBLE.a(l2cap_output.o)
                0x000000000000cfba                l2capNotifyChannelEstEvt
 .text.l2capNotifyChannelTermEvt
                0x000000000000d016       0x3e d:/Projects/Wch-Projects/CH591R-BLE/LIB\libCH59xBLE.a(l2cap_output.o)
                0x000000000000d016                l2capNotifyChannelTermEvt
 .text.l2capNotifyEvent
                0x000000000000d054       0x66 d:/Projects/Wch-Projects/CH591R-BLE/LIB\libCH59xBLE.a(l2cap_output.o)
                0x000000000000d054                l2capNotifyEvent
 .text.l2capStoreFCPkt
                0x000000000000d0ba       0x32 d:/Projects/Wch-Projects/CH591R-BLE/LIB\libCH59xBLE.a(l2cap_output.o)
                0x000000000000d0ba                l2capStoreFCPkt
 .text.l2capFreeTxSDU
                0x000000000000d0ec       0x9e d:/Projects/Wch-Projects/CH591R-BLE/LIB\libCH59xBLE.a(l2cap_output.o)
                0x000000000000d0ec                l2capFreeTxSDU
 .text.l2capReassembleSegment
                0x000000000000d18a      0x178 d:/Projects/Wch-Projects/CH591R-BLE/LIB\libCH59xBLE.a(l2cap_output.o)
                0x000000000000d18a                l2capReassembleSegment
 .text.l2capEncapSendData
                0x000000000000d302       0xf0 d:/Projects/Wch-Projects/CH591R-BLE/LIB\libCH59xBLE.a(l2cap_output.o)
                0x000000000000d302                l2capEncapSendData
 .text.l2capSendFCPkt.part.3
                0x000000000000d3f2       0x70 d:/Projects/Wch-Projects/CH591R-BLE/LIB\libCH59xBLE.a(l2cap_output.o)
 .text.l2capSendSegment
                0x000000000000d462      0x108 d:/Projects/Wch-Projects/CH591R-BLE/LIB\libCH59xBLE.a(l2cap_output.o)
                0x000000000000d462                l2capSendSegment
 .text.l2capSendNextSegment
                0x000000000000d56a       0xb4 d:/Projects/Wch-Projects/CH591R-BLE/LIB\libCH59xBLE.a(l2cap_output.o)
                0x000000000000d56a                l2capSendNextSegment
 .text.l2capSendPkt
                0x000000000000d61e       0x3a d:/Projects/Wch-Projects/CH591R-BLE/LIB\libCH59xBLE.a(l2cap_output.o)
                0x000000000000d61e                l2capSendPkt
 .text.L2CAP_SendData
                0x000000000000d658       0x82 d:/Projects/Wch-Projects/CH591R-BLE/LIB\libCH59xBLE.a(l2cap_output.o)
                0x000000000000d658                L2CAP_SendData
 .text.l2capSendCmd
                0x000000000000d6da       0x8a d:/Projects/Wch-Projects/CH591R-BLE/LIB\libCH59xBLE.a(l2cap_output.o)
                0x000000000000d6da                l2capSendCmd
 .text.l2capSendReq
                0x000000000000d764       0xc8 d:/Projects/Wch-Projects/CH591R-BLE/LIB\libCH59xBLE.a(l2cap_output.o)
                0x000000000000d764                l2capSendReq
 .text.l2capBuildDisconnectReq
                0x000000000000d82c       0x28 d:/Projects/Wch-Projects/CH591R-BLE/LIB\libCH59xBLE.a(l2cap_sdu.o)
 .text.l2capBuildParamUpdateReq
                0x000000000000d854       0x4c d:/Projects/Wch-Projects/CH591R-BLE/LIB\libCH59xBLE.a(l2cap_sdu.o)
 .text.l2capBuildParamUpdateRsp
                0x000000000000d8a0       0x16 d:/Projects/Wch-Projects/CH591R-BLE/LIB\libCH59xBLE.a(l2cap_sdu.o)
 .text.l2capBuildConnectRsp
                0x000000000000d8b6       0x5e d:/Projects/Wch-Projects/CH591R-BLE/LIB\libCH59xBLE.a(l2cap_sdu.o)
 .text.l2capBuildCmdReject
                0x000000000000d914       0x62 d:/Projects/Wch-Projects/CH591R-BLE/LIB\libCH59xBLE.a(l2cap_sdu.o)
                0x000000000000d914                l2capBuildCmdReject
 .text.l2capBuildDisconnectRsp
                0x000000000000d976       0x28 d:/Projects/Wch-Projects/CH591R-BLE/LIB\libCH59xBLE.a(l2cap_sdu.o)
                0x000000000000d976                l2capBuildDisconnectRsp
 .text.l2capSendConnectRsp
                0x000000000000d99e       0xaa d:/Projects/Wch-Projects/CH591R-BLE/LIB\libCH59xBLE.a(l2cap_sdu.o)
                0x000000000000d99e                l2capSendConnectRsp
 .text.L2CAP_CmdReject
                0x000000000000da48       0x12 d:/Projects/Wch-Projects/CH591R-BLE/LIB\libCH59xBLE.a(l2cap_sdu.o)
                0x000000000000da48                L2CAP_CmdReject
 .text.L2CAP_DisconnectReq
                0x000000000000da5a       0x2a d:/Projects/Wch-Projects/CH591R-BLE/LIB\libCH59xBLE.a(l2cap_sdu.o)
                0x000000000000da5a                L2CAP_DisconnectReq
 .text.L2CAP_ConnParamUpdateReq
                0x000000000000da84       0x16 d:/Projects/Wch-Projects/CH591R-BLE/LIB\libCH59xBLE.a(l2cap_sdu.o)
                0x000000000000da84                L2CAP_ConnParamUpdateReq
 .text.L2CAP_ConnParamUpdateRsp
                0x000000000000da9a       0x12 d:/Projects/Wch-Projects/CH591R-BLE/LIB\libCH59xBLE.a(l2cap_sdu.o)
                0x000000000000da9a                L2CAP_ConnParamUpdateRsp
 .text.reportStatusChange
                0x000000000000daac       0x3e d:/Projects/Wch-Projects/CH591R-BLE/LIB\libCH59xBLE.a(linkdb.o)
 .text.linkDB_Init
                0x000000000000daea       0xae d:/Projects/Wch-Projects/CH591R-BLE/LIB\libCH59xBLE.a(linkdb.o)
                0x000000000000daea                linkDB_Init
 .text.linkDB_Find
                0x000000000000db98       0x34 d:/Projects/Wch-Projects/CH591R-BLE/LIB\libCH59xBLE.a(linkdb.o)
                0x000000000000db98                linkDB_Find
 .text.linkDB_Authen
                0x000000000000dbcc       0x5c d:/Projects/Wch-Projects/CH591R-BLE/LIB\libCH59xBLE.a(linkdb.o)
                0x000000000000dbcc                linkDB_Authen
 .text.linkDB_FindByAddr
                0x000000000000dc28       0x82 d:/Projects/Wch-Projects/CH591R-BLE/LIB\libCH59xBLE.a(linkdb.o)
                0x000000000000dc28                linkDB_FindByAddr
 .text.linkDB_FindFirst
                0x000000000000dcaa       0x40 d:/Projects/Wch-Projects/CH591R-BLE/LIB\libCH59xBLE.a(linkdb.o)
                0x000000000000dcaa                linkDB_FindFirst
 .text.linkDB_MTU
                0x000000000000dcea       0x18 d:/Projects/Wch-Projects/CH591R-BLE/LIB\libCH59xBLE.a(linkdb.o)
                0x000000000000dcea                linkDB_MTU
 .text.linkDB_NumActive
                0x000000000000dd02       0x36 d:/Projects/Wch-Projects/CH591R-BLE/LIB\libCH59xBLE.a(linkdb.o)
                0x000000000000dd02                linkDB_NumActive
 .text.linkDB_NumConns
                0x000000000000dd38        0xa d:/Projects/Wch-Projects/CH591R-BLE/LIB\libCH59xBLE.a(linkdb.o)
                0x000000000000dd38                linkDB_NumConns
 .text.linkDB_Register
                0x000000000000dd42       0x28 d:/Projects/Wch-Projects/CH591R-BLE/LIB\libCH59xBLE.a(linkdb.o)
                0x000000000000dd42                linkDB_Register
 .text.linkDB_Remove
                0x000000000000dd6a       0x4c d:/Projects/Wch-Projects/CH591R-BLE/LIB\libCH59xBLE.a(linkdb.o)
                0x000000000000dd6a                linkDB_Remove
 .text.linkDB_Role
                0x000000000000ddb6       0x18 d:/Projects/Wch-Projects/CH591R-BLE/LIB\libCH59xBLE.a(linkdb.o)
                0x000000000000ddb6                linkDB_Role
 .text.linkDB_State
                0x000000000000ddce       0x30 d:/Projects/Wch-Projects/CH591R-BLE/LIB\libCH59xBLE.a(linkdb.o)
                0x000000000000ddce                linkDB_State
 .text.linkDB_UpdateMTU
                0x000000000000ddfe       0x28 d:/Projects/Wch-Projects/CH591R-BLE/LIB\libCH59xBLE.a(linkdb.o)
                0x000000000000ddfe                linkDB_UpdateMTU
 .text.linkDB_PerformFunc
                0x000000000000de26       0x5a d:/Projects/Wch-Projects/CH591R-BLE/LIB\libCH59xBLE.a(linkdb.o)
                0x000000000000de26                linkDB_PerformFunc
 .text.linkDB_PeripheralLinkNum
                0x000000000000de80       0x46 d:/Projects/Wch-Projects/CH591R-BLE/LIB\libCH59xBLE.a(linkdb.o)
                0x000000000000de80                linkDB_PeripheralLinkNum
 .text.linkDB_GetSMEvtID
                0x000000000000dec6       0x60 d:/Projects/Wch-Projects/CH591R-BLE/LIB\libCH59xBLE.a(linkdb.o)
                0x000000000000dec6                linkDB_GetSMEvtID
 .text.linkDB_Add
                0x000000000000df26       0xb2 d:/Projects/Wch-Projects/CH591R-BLE/LIB\libCH59xBLE.a(linkdb.o)
                0x000000000000df26                linkDB_Add
 .text.linkDB_GetHandleFromSMEvtID
                0x000000000000dfd8       0x3a d:/Projects/Wch-Projects/CH591R-BLE/LIB\libCH59xBLE.a(linkdb.o)
                0x000000000000dfd8                linkDB_GetHandleFromSMEvtID
 .text.linkDB_GetPairingParam
                0x000000000000e012       0x76 d:/Projects/Wch-Projects/CH591R-BLE/LIB\libCH59xBLE.a(linkdb.o)
                0x000000000000e012                linkDB_GetPairingParam
 .text.linkDB_NeedSendKey
                0x000000000000e088       0x4c d:/Projects/Wch-Projects/CH591R-BLE/LIB\libCH59xBLE.a(linkdb.o)
                0x000000000000e088                linkDB_NeedSendKey
 .text.smStartRspTimer
                0x000000000000e0d4       0x3a d:/Projects/Wch-Projects/CH591R-BLE/LIB\libCH59xBLE.a(sm.o)
 .text.smStartEncryption
                0x000000000000e10e       0xa0 d:/Projects/Wch-Projects/CH591R-BLE/LIB\libCH59xBLE.a(sm.o)
 .text.smFreePairingParams
                0x000000000000e1ae       0x7e d:/Projects/Wch-Projects/CH591R-BLE/LIB\libCH59xBLE.a(sm.o)
                0x000000000000e1ae                smFreePairingParams
 .text.smEndPairing
                0x000000000000e22c       0x60 d:/Projects/Wch-Projects/CH591R-BLE/LIB\libCH59xBLE.a(sm.o)
                0x000000000000e22c                smEndPairing
 .text.smLinkCheck
                0x000000000000e28c       0x34 d:/Projects/Wch-Projects/CH591R-BLE/LIB\libCH59xBLE.a(sm.o)
                0x000000000000e28c                smLinkCheck
 .text.smNextPairingState
                0x000000000000e2c0       0x60 d:/Projects/Wch-Projects/CH591R-BLE/LIB\libCH59xBLE.a(sm.o)
                0x000000000000e2c0                smNextPairingState
 .text.smProcessEncryptChange
                0x000000000000e320       0xf8 d:/Projects/Wch-Projects/CH591R-BLE/LIB\libCH59xBLE.a(sm.o)
                0x000000000000e320                smProcessEncryptChange
 .text.smSendSMMsg
                0x000000000000e418       0x5c d:/Projects/Wch-Projects/CH591R-BLE/LIB\libCH59xBLE.a(sm.o)
                0x000000000000e418                smSendSMMsg
 .text.smSendFailAndEnd
                0x000000000000e474       0x38 d:/Projects/Wch-Projects/CH591R-BLE/LIB\libCH59xBLE.a(sm.o)
                0x000000000000e474                smSendFailAndEnd
 .text.smProcessPairingReq
                0x000000000000e4ac       0x40 d:/Projects/Wch-Projects/CH591R-BLE/LIB\libCH59xBLE.a(sm.o)
                0x000000000000e4ac                smProcessPairingReq
 .text.smSetPairingReqRsp
                0x000000000000e4ec       0x3c d:/Projects/Wch-Projects/CH591R-BLE/LIB\libCH59xBLE.a(sm.o)
                0x000000000000e4ec                smSetPairingReqRsp
 .text.SM_StartEncryption
                0x000000000000e528       0x1a d:/Projects/Wch-Projects/CH591R-BLE/LIB\libCH59xBLE.a(sm.o)
                0x000000000000e528                SM_StartEncryption
 .text.sm_dhkey
                0x000000000000e542       0x3e d:/Projects/Wch-Projects/CH591R-BLE/LIB\libCH59xBLE.a(sm.o)
                0x000000000000e542                sm_dhkey
 .text.sm_c1    0x000000000000e580       0xb4 d:/Projects/Wch-Projects/CH591R-BLE/LIB\libCH59xBLE.a(sm.o)
                0x000000000000e580                sm_c1
 .text.smDetermineKeySize
                0x000000000000e634       0x20 d:/Projects/Wch-Projects/CH591R-BLE/LIB\libCH59xBLE.a(sm.o)
                0x000000000000e634                smDetermineKeySize
 .text.smpParsePairingReq
                0x000000000000e654      0x118 d:/Projects/Wch-Projects/CH591R-BLE/LIB\libCH59xBLE.a(sm.o)
                0x000000000000e654                smpParsePairingReq
 .text.smpParseEncInfo
                0x000000000000e76c       0x2a d:/Projects/Wch-Projects/CH591R-BLE/LIB\libCH59xBLE.a(sm.o)
                0x000000000000e76c                smpParseEncInfo
 .text.smpParseIdentityAddrInfo
                0x000000000000e796       0x34 d:/Projects/Wch-Projects/CH591R-BLE/LIB\libCH59xBLE.a(sm.o)
                0x000000000000e796                smpParseIdentityAddrInfo
 .text.smpParseIdentityInfo
                0x000000000000e7ca       0x2a d:/Projects/Wch-Projects/CH591R-BLE/LIB\libCH59xBLE.a(sm.o)
                0x000000000000e7ca                smpParseIdentityInfo
 .text.smpParseMasterID
                0x000000000000e7f4       0x3c d:/Projects/Wch-Projects/CH591R-BLE/LIB\libCH59xBLE.a(sm.o)
                0x000000000000e7f4                smpParseMasterID
 .text.smpParsePairingConfirm
                0x000000000000e830       0x2a d:/Projects/Wch-Projects/CH591R-BLE/LIB\libCH59xBLE.a(sm.o)
                0x000000000000e830                smpParsePairingConfirm
 .text.smpParsePairingFailed
                0x000000000000e85a       0x1c d:/Projects/Wch-Projects/CH591R-BLE/LIB\libCH59xBLE.a(sm.o)
                0x000000000000e85a                smpParsePairingFailed
 .text.smpParsePairingRandom
                0x000000000000e876       0x2a d:/Projects/Wch-Projects/CH591R-BLE/LIB\libCH59xBLE.a(sm.o)
                0x000000000000e876                smpParsePairingRandom
 .text.smpParseSigningInfo
                0x000000000000e8a0       0x2a d:/Projects/Wch-Projects/CH591R-BLE/LIB\libCH59xBLE.a(sm.o)
                0x000000000000e8a0                smpParseSigningInfo
 .text.smpParsePairingPublicKey
                0x000000000000e8ca       0x2c d:/Projects/Wch-Projects/CH591R-BLE/LIB\libCH59xBLE.a(sm.o)
                0x000000000000e8ca                smpParsePairingPublicKey
 .text.smpParsePairingDHKeyCheck
                0x000000000000e8f6       0x2a d:/Projects/Wch-Projects/CH591R-BLE/LIB\libCH59xBLE.a(sm.o)
                0x000000000000e8f6                smpParsePairingDHKeyCheck
 .text.smProcessDataMsg
                0x000000000000e920      0x104 d:/Projects/Wch-Projects/CH591R-BLE/LIB\libCH59xBLE.a(sm.o)
                0x000000000000e920                smProcessDataMsg
 .text.smProcessTMOSMsg
                0x000000000000ea24      0x170 d:/Projects/Wch-Projects/CH591R-BLE/LIB\libCH59xBLE.a(sm.o)
                0x000000000000ea24                smProcessTMOSMsg
 .text.SM_CalcRandomAddr
                0x000000000000eb94       0x54 d:/Projects/Wch-Projects/CH591R-BLE/LIB\libCH59xBLE.a(sm.o)
                0x000000000000eb94                SM_CalcRandomAddr
 .text.SM_GenerateAuthenSig
                0x000000000000ebe8       0xe6 d:/Projects/Wch-Projects/CH591R-BLE/LIB\libCH59xBLE.a(sm.o)
                0x000000000000ebe8                SM_GenerateAuthenSig
 .text.SM_PasskeyUpdate
                0x000000000000ecce       0xe8 d:/Projects/Wch-Projects/CH591R-BLE/LIB\libCH59xBLE.a(sm.o)
                0x000000000000ecce                SM_PasskeyUpdate
 .text.SM_ResolveRandomAddrs
                0x000000000000edb6       0x5e d:/Projects/Wch-Projects/CH591R-BLE/LIB\libCH59xBLE.a(sm.o)
                0x000000000000edb6                SM_ResolveRandomAddrs
 .text.SM_StartPairing
                0x000000000000ee14       0xc2 d:/Projects/Wch-Projects/CH591R-BLE/LIB\libCH59xBLE.a(sm.o)
                0x000000000000ee14                SM_StartPairing
 .text.SM_VerifyAuthenSig
                0x000000000000eed6      0x150 d:/Projects/Wch-Projects/CH591R-BLE/LIB\libCH59xBLE.a(sm.o)
                0x000000000000eed6                SM_VerifyAuthenSig
 .text.SM_ProcessEvent
                0x000000000000f026       0xb4 d:/Projects/Wch-Projects/CH591R-BLE/LIB\libCH59xBLE.a(sm.o)
                0x000000000000f026                SM_ProcessEvent
 .text.SM_ParamInit
                0x000000000000f0da       0x66 d:/Projects/Wch-Projects/CH591R-BLE/LIB\libCH59xBLE.a(sm.o)
                0x000000000000f0da                SM_ParamInit
 .text.SM_InitiatorInit
                0x000000000000f140       0x22 d:/Projects/Wch-Projects/CH591R-BLE/LIB\libCH59xBLE.a(sm.o)
                0x000000000000f140                SM_InitiatorInit
 .text.SM_ResponderInit
                0x000000000000f162       0x22 d:/Projects/Wch-Projects/CH591R-BLE/LIB\libCH59xBLE.a(sm.o)
                0x000000000000f162                SM_ResponderInit
 .text.SM_Init  0x000000000000f184       0x2a d:/Projects/Wch-Projects/CH591R-BLE/LIB\libCH59xBLE.a(sm.o)
                0x000000000000f184                SM_Init
 .text.smpInitiatorProcessPairingRsp
                0x000000000000f1ae      0x278 d:/Projects/Wch-Projects/CH591R-BLE/LIB\libCH59xBLE.a(sm_initiator.o)
                0x000000000000f1ae                smpInitiatorProcessPairingRsp
 .text.smInitiatorSendNextKeyInfo
                0x000000000000f426      0x26e d:/Projects/Wch-Projects/CH591R-BLE/LIB\libCH59xBLE.a(sm_initiator.o)
                0x000000000000f426                smInitiatorSendNextKeyInfo
 .text.setupInitiatorKeys
                0x000000000000f694       0x88 d:/Projects/Wch-Projects/CH591R-BLE/LIB\libCH59xBLE.a(sm_initiator.o)
 .text.smpInitiatorProcessIncoming
                0x000000000000f71c      0x418 d:/Projects/Wch-Projects/CH591R-BLE/LIB\libCH59xBLE.a(sm_initiator.o)
                0x000000000000f71c                smpInitiatorProcessIncoming
 .text.smpBuildPairingReqRsp
                0x000000000000fb34       0xc6 d:/Projects/Wch-Projects/CH591R-BLE/LIB\libCH59xBLE.a(sm_pdu.o)
 .text.smpBuildPairingReq
                0x000000000000fbfa        0xa d:/Projects/Wch-Projects/CH591R-BLE/LIB\libCH59xBLE.a(sm_pdu.o)
                0x000000000000fbfa                smpBuildPairingReq
 .text.smpBuildPairingRsp
                0x000000000000fc04        0xa d:/Projects/Wch-Projects/CH591R-BLE/LIB\libCH59xBLE.a(sm_pdu.o)
                0x000000000000fc04                smpBuildPairingRsp
 .text.smpBuildPairingConfirm
                0x000000000000fc0e       0x30 d:/Projects/Wch-Projects/CH591R-BLE/LIB\libCH59xBLE.a(sm_pdu.o)
                0x000000000000fc0e                smpBuildPairingConfirm
 .text.smpBuildPairingRandom
                0x000000000000fc3e       0x30 d:/Projects/Wch-Projects/CH591R-BLE/LIB\libCH59xBLE.a(sm_pdu.o)
                0x000000000000fc3e                smpBuildPairingRandom
 .text.smpBuildEncInfo
                0x000000000000fc6e       0x30 d:/Projects/Wch-Projects/CH591R-BLE/LIB\libCH59xBLE.a(sm_pdu.o)
                0x000000000000fc6e                smpBuildEncInfo
 .text.smpBuildMasterID
                0x000000000000fc9e       0x44 d:/Projects/Wch-Projects/CH591R-BLE/LIB\libCH59xBLE.a(sm_pdu.o)
                0x000000000000fc9e                smpBuildMasterID
 .text.smpBuildIdentityInfo
                0x000000000000fce2       0x30 d:/Projects/Wch-Projects/CH591R-BLE/LIB\libCH59xBLE.a(sm_pdu.o)
                0x000000000000fce2                smpBuildIdentityInfo
 .text.smpBuildIdentityAddrInfo
                0x000000000000fd12       0x3a d:/Projects/Wch-Projects/CH591R-BLE/LIB\libCH59xBLE.a(sm_pdu.o)
                0x000000000000fd12                smpBuildIdentityAddrInfo
 .text.smpBuildSigningInfo
                0x000000000000fd4c       0x30 d:/Projects/Wch-Projects/CH591R-BLE/LIB\libCH59xBLE.a(sm_pdu.o)
                0x000000000000fd4c                smpBuildSigningInfo
 .text.smpBuildPublicKey
                0x000000000000fd7c       0x32 d:/Projects/Wch-Projects/CH591R-BLE/LIB\libCH59xBLE.a(sm_pdu.o)
                0x000000000000fd7c                smpBuildPublicKey
 .text.smpBuildDHKey
                0x000000000000fdae       0x30 d:/Projects/Wch-Projects/CH591R-BLE/LIB\libCH59xBLE.a(sm_pdu.o)
                0x000000000000fdae                smpBuildDHKey
 .text.smpBuildPairingFailed
                0x000000000000fdde       0x1a d:/Projects/Wch-Projects/CH591R-BLE/LIB\libCH59xBLE.a(sm_pdu.o)
                0x000000000000fdde                smpBuildPairingFailed
 .text.smpBuildSecurityReq
                0x000000000000fdf8       0x1a d:/Projects/Wch-Projects/CH591R-BLE/LIB\libCH59xBLE.a(sm_pdu.o)
                0x000000000000fdf8                smpBuildSecurityReq
 .text.smGeneratePairingReq
                0x000000000000fe12       0x30 d:/Projects/Wch-Projects/CH591R-BLE/LIB\libCH59xBLE.a(sm_pdu.o)
                0x000000000000fe12                smGeneratePairingReq
 .text.smGeneratePairingRsp
                0x000000000000fe42       0x30 d:/Projects/Wch-Projects/CH591R-BLE/LIB\libCH59xBLE.a(sm_pdu.o)
                0x000000000000fe42                smGeneratePairingRsp
 .text.smGenerateConfirm
                0x000000000000fe72       0x34 d:/Projects/Wch-Projects/CH591R-BLE/LIB\libCH59xBLE.a(sm_pdu.o)
                0x000000000000fe72                smGenerateConfirm
 .text.smGenerateRandMsg
                0x000000000000fea6       0x34 d:/Projects/Wch-Projects/CH591R-BLE/LIB\libCH59xBLE.a(sm_pdu.o)
                0x000000000000fea6                smGenerateRandMsg
 .text.smGeneratePairingPublicKey